Component: ARM Compiler 5.06 update 4 (build 422) Tool: armlink [4d35d2]

==============================================================================

Section Cross References

    proj_main.o(i.user_entry_after_ble_init) refers to user_task.o(i.user_task_init) for user_task_init
    proj_main.o(i.user_entry_after_ble_init) refers to ble_simple_peripheral.o(i.simple_peripheral_init) for simple_peripheral_init
    proj_main.o(i.user_entry_before_ble_init) refers to driver_pmu.o(i.pmu_set_sys_power_mode) for pmu_set_sys_power_mode
    proj_main.o(i.user_entry_before_ble_init) refers to driver_pmu.o(i.pmu_enable_irq) for pmu_enable_irq
    proj_main.o(i.user_entry_before_ble_init) refers to sys_utils.o(ram_code) for co_delay_100us
    proj_main.o(ram_code) refers to button.o(i.button_toggle_detected) for button_toggle_detected
    proj_main.o(ram_code) refers to sys_utils.o(i.system_sleep_disable) for system_sleep_disable
    ble_simple_peripheral.o(i.app_gap_evt_cb) refers to gap_api.o(i.gap_get_connect_num) for gap_get_connect_num
    ble_simple_peripheral.o(i.app_gap_evt_cb) refers to ble_simple_peripheral.o(i.sp_start_adv) for sp_start_adv
    ble_simple_peripheral.o(i.simple_peripheral_init) refers to gap_api.o(i.gap_set_dev_name) for gap_set_dev_name
    ble_simple_peripheral.o(i.simple_peripheral_init) refers to gap_api.o(i.gap_security_param_init) for gap_security_param_init
    ble_simple_peripheral.o(i.simple_peripheral_init) refers to gap_api.o(i.gap_set_cb_func) for gap_set_cb_func
    ble_simple_peripheral.o(i.simple_peripheral_init) refers to gap_api.o(i.gap_bond_manager_init) for gap_bond_manager_init
    ble_simple_peripheral.o(i.simple_peripheral_init) refers to gap_api.o(i.gap_bond_manager_delete_all) for gap_bond_manager_delete_all
    ble_simple_peripheral.o(i.simple_peripheral_init) refers to gap_api.o(i.gap_address_get) for gap_address_get
    ble_simple_peripheral.o(i.simple_peripheral_init) refers to simple_gatt_service.o(i.sp_gatt_add_service) for sp_gatt_add_service
    ble_simple_peripheral.o(i.simple_peripheral_init) refers to ble_simple_peripheral.o(.constdata) for .constdata
    ble_simple_peripheral.o(i.simple_peripheral_init) refers to ble_simple_peripheral.o(i.app_gap_evt_cb) for app_gap_evt_cb
    ble_simple_peripheral.o(i.sp_start_adv) refers to gap_api.o(i.gap_set_advertising_param) for gap_set_advertising_param
    ble_simple_peripheral.o(i.sp_start_adv) refers to gap_api.o(i.gap_set_advertising_data) for gap_set_advertising_data
    ble_simple_peripheral.o(i.sp_start_adv) refers to gap_api.o(i.gap_set_advertising_rsp_data) for gap_set_advertising_rsp_data
    ble_simple_peripheral.o(i.sp_start_adv) refers to gap_api.o(i.gap_start_advertising) for gap_start_advertising
    ble_simple_peripheral.o(i.sp_start_adv) refers to ble_simple_peripheral.o(.data) for .data
    user_task.o(i.user_task_func) refers to user_task.o(.constdata) for .constdata
    user_task.o(i.user_task_init) refers to os_task.o(i.os_task_create) for os_task_create
    user_task.o(i.user_task_init) refers to user_task.o(i.user_task_func) for user_task_func
    user_task.o(i.user_task_init) refers to user_task.o(.data) for .data
    user_task.o(.constdata) refers to user_task.o(.conststring) for .conststring
    button.o(i.button_anti_shake_timeout_handler) refers to os_msg_q.o(i.os_msg_post) for os_msg_post
    button.o(i.button_anti_shake_timeout_handler) refers to button.o(.data) for .data
    button.o(i.button_comb_just_pressed) refers to os_timer.o(i.os_timer_start) for os_timer_start
    button.o(i.button_comb_just_pressed) refers to os_timer.o(i.os_timer_stop) for os_timer_stop
    button.o(i.button_comb_just_pressed) refers to button.o(i.button_send_event) for button_send_event
    button.o(i.button_comb_just_pressed) refers to button.o(.data) for .data
    button.o(i.button_comb_just_pressed) refers to button.o(.bss) for .bss
    button.o(i.button_comb_long_long_pressed) refers to os_timer.o(i.os_timer_start) for os_timer_start
    button.o(i.button_comb_long_long_pressed) refers to os_timer.o(i.os_timer_stop) for os_timer_stop
    button.o(i.button_comb_long_long_pressed) refers to button.o(i.button_send_event) for button_send_event
    button.o(i.button_comb_long_long_pressed) refers to button.o(.data) for .data
    button.o(i.button_comb_long_long_pressed) refers to button.o(.bss) for .bss
    button.o(i.button_comb_long_pressed) refers to button.o(i.button_send_event) for button_send_event
    button.o(i.button_comb_long_pressed) refers to os_timer.o(i.os_timer_stop) for os_timer_stop
    button.o(i.button_comb_long_pressed) refers to os_timer.o(i.os_timer_start) for os_timer_start
    button.o(i.button_comb_long_pressed) refers to button.o(.data) for .data
    button.o(i.button_comb_long_pressed) refers to button.o(.bss) for .bss
    button.o(i.button_comb_pressed) refers to os_timer.o(i.os_timer_start) for os_timer_start
[...]
    0x01002898   0x00000054   Code   RO         5008    i.attmdb_svc_check_hdl  fr8010h_stack.lib(attm_db.o)
    0x010028ec   0x000001ca   Code   RO         5009    i.attmdb_svc_init   fr8010h_stack.lib(attm_db.o)
    0x01002ab6   0x0000003a   Code   RO         5011    i.attmdb_uuid16_comp  fr8010h_stack.lib(attm_db.o)
    0x01002af0   0x0000002c   Code   RO         5088    i.atts_check_length_and_offset  fr8010h_stack.lib(atts.o)
    0x01002b1c   0x00000024   Code   RO         5089    i.atts_clear_prep_data  fr8010h_stack.lib(atts.o)
    0x01002b40   0x00000024   Code   RO         5090    i.atts_clear_read_cache  fr8010h_stack.lib(atts.o)
    0x01002b64   0x00000024   Code   RO         5091    i.atts_clear_rsp_data  fr8010h_stack.lib(atts.o)
    0x01002b88   0x00000178   Code   RO         5092    i.atts_execute_write_req  fr8010h_stack.lib(atts.o)
    0x01002d00   0x00000188   Code   RO         5093    i.atts_find_by_type_req  fr8010h_stack.lib(atts.o)
    0x01002e88   0x0000007a   Code   RO         5094    i.atts_find_end     fr8010h_stack.lib(atts.o)
    0x01002f02   0x00000002   PAD
    0x01002f04   0x00000148   Code   RO         5095    i.atts_find_info_req  fr8010h_stack.lib(atts.o)
    0x0100304c   0x00000098   Code   RO         5096    i.atts_find_value_by_uuid  fr8010h_stack.lib(atts.o)
    0x010030e4   0x00000098   Code   RO         5097    i.atts_get_att_chk_perm  fr8010h_stack.lib(atts.o)
    0x0100317c   0x0000001a   Code   RO         5098    i.atts_get_dest_task  fr8010h_stack.lib(atts.o)
    0x01003196   0x00000002   PAD
    0x01003198   0x00000084   Code   RO         5099    i.atts_get_value    fr8010h_stack.lib(atts.o)
    0x0100321c   0x000000a4   Code   RO         5100    i.atts_l2cc_pdu_recv_handler  fr8010h_stack.lib(atts.o)
    0x010032c0   0x00000042   Code   RO         5101    i.atts_mtu_exc_req  fr8010h_stack.lib(atts.o)
    0x01003302   0x00000002   PAD
    0x01003304   0x000000f8   Code   RO         5102    i.atts_prepare_write_req  fr8010h_stack.lib(atts.o)
    0x010033fc   0x00000074   Code   RO         5103    i.atts_process_pdu  fr8010h_stack.lib(atts.o)
    0x01003470   0x000000ba   Code   RO         5104    i.atts_read_blob_req  fr8010h_stack.lib(atts.o)
    0x0100352a   0x00000002   PAD
    0x0100352c   0x000001c0   Code   RO         5105    i.atts_read_by_grp_type_req  fr8010h_stack.lib(atts.o)
    0x010036ec   0x000001a8   Code   RO         5106    i.atts_read_by_type_req  fr8010h_stack.lib(atts.o)
    0x01003894   0x00000120   Code   RO         5107    i.atts_read_mult_req  fr8010h_stack.lib(atts.o)
    0x010039b4   0x0000009c   Code   RO         5108    i.atts_read_req     fr8010h_stack.lib(atts.o)
    0x01003a50   0x00000028   Code   RO         5109    i.atts_send_error   fr8010h_stack.lib(atts.o)
    0x01003a78   0x00000090   Code   RO         5110    i.atts_send_event   fr8010h_stack.lib(atts.o)
    0x01003b08   0x00000078   Code   RO         5111    i.atts_store_prep_data  fr8010h_stack.lib(atts.o)
    0x01003b80   0x00000044   Code   RO         5112    i.atts_update_elmt  fr8010h_stack.lib(atts.o)
    0x01003bc4   0x0000003e   Code   RO         5113    i.atts_write_cmd    fr8010h_stack.lib(atts.o)
    0x01003c02   0x0000004e   Code   RO         5114    i.atts_write_req    fr8010h_stack.lib(atts.o)
    0x01003c50   0x0000002e   Code   RO         5115    i.atts_write_rsp_send  fr8010h_stack.lib(atts.o)
    0x01003c7e   0x0000007a   Code   RO         5116    i.atts_write_signed  fr8010h_stack.lib(atts.o)
    0x01003cf8   0x0000003c   Code   RO         5117    i.atts_write_signed_cfm  fr8010h_stack.lib(atts.o)
    0x01003d34   0x00000034   Code   RO         2264    i.ble_add_svc       fr8010h_stack.lib(app.o)
    0x01003d68   0x00000090   Code   RO         2526    i.ble_bond_addr_resolve_cb  fr8010h_stack.lib(user_bond_manage.o)
    0x01003df8   0x00000114   Code   RO         2527    i.ble_bond_check    fr8010h_stack.lib(user_bond_manage.o)
    0x01003f0c   0x0000007c   Code   RO         2528    i.ble_bond_clr_all_info  fr8010h_stack.lib(user_bond_manage.o)
    0x01003f88   0x00000040   Code   RO         2531    i.ble_bond_get_info  fr8010h_stack.lib(user_bond_manage.o)
    0x01003fc8   0x000000c4   Code   RO         2532    i.ble_bond_init     fr8010h_stack.lib(user_bond_manage.o)
    0x0100408c   0x0000003c   Code   RO         2533    i.ble_bond_read_info_from_flash  fr8010h_stack.lib(user_bond_manage.o)
    0x010040c8   0x000000c4   Code   RO         2534    i.ble_bond_store_info  fr8010h_stack.lib(user_bond_manage.o)
    0x0100418c   0x00000084   Code   RO         2535    i.ble_bond_write_info_to_flash  fr8010h_stack.lib(user_bond_manage.o)
    0x01004210   0x00000074   Code   RO         2266    i.ble_gap_set_dev_config  fr8010h_stack.lib(app.o)
    0x01004284   0x0000002c   Code   RO         2611    i.ble_sec_check_ediv_rand  fr8010h_stack.lib(app_sec.o)
    0x010042b0   0x0000000c   Code   RO         2612    i.ble_sec_get_bond_status  fr8010h_stack.lib(app_sec.o)
    0x010042bc   0x00000068   Code   RO         2613    i.ble_sec_init      fr8010h_stack.lib(app_sec.o)
    0x01004324   0x00000046   Code   RO         2615    i.ble_sec_resolve_address  fr8010h_stack.lib(app_sec.o)
    0x0100436a   0x00000002   PAD
    0x0100436c   0x00000010   Code   RO         2618    i.ble_sec_set_pairing_param  fr8010h_stack.lib(app_sec.o)
    0x0100437c   0x00000014   Code   RO         2268    i.ble_set_evt_func  fr8010h_stack.lib(app.o)
    0x01004390   0x00000020   Code   RO          246    i.button_toggle_detected  button.o
    0x010043b0   0x00000078   Code   RO         2184    i.check_timer_handle  fr8010h_stack.lib(os_timer.o)
    0x01004428   0x0000002c   Code   RO          981    i.efuse_read        driver_efuse.o
    0x01004454   0x00000024   Code   RO         2185    i.free_time_evt_id  fr8010h_stack.lib(os_timer.o)
    0x01004478   0x00000024   Code   RO         2084    i.from_task_func_to_msg_handle  fr8010h_stack.lib(os_task.o)
    0x0100449c   0x00000014   Code   RO         1069    i.gap_address_get   fr8010h_stack.lib(gap_api.o)
    0x010044b0   0x00000004   Code   RO         1072    i.gap_bond_manager_delete_all  fr8010h_stack.lib(gap_api.o)
    0x010044b4   0x00000004   Code   RO         1074    i.gap_bond_manager_init  fr8010h_stack.lib(gap_api.o)
    0x010044b8   0x00000030   Code   RO         1076    i.gap_disconnect_req  fr8010h_stack.lib(gap_api.o)
    0x010044e8   0x00000020   Code   RO         1077    i.gap_get_connect_num  fr8010h_stack.lib(gap_api.o)
    0x01004508   0x0000000c   Code   RO         1078    i.gap_get_connect_status  fr8010h_stack.lib(gap_api.o)
    0x01004514   0x0000000c   Code   RO         1079    i.gap_get_dev_appearance  fr8010h_stack.lib(gap_api.o)
    0x01004520   0x00000018   Code   RO         1080    i.gap_get_dev_name  fr8010h_stack.lib(gap_api.o)
    0x01004538   0x0000006c   Code   RO         2621    i.gap_paring_req_cb  fr8010h_stack.lib(app_sec.o)
    0x010045a4   0x00000002   Code   RO         1841    i.gap_rssi_ind      fr8010h_stack.lib(patch_rf.o)
    0x010045a6   0x00000004   Code   RO         1087    i.gap_security_param_init  fr8010h_stack.lib(gap_api.o)
    0x010045aa   0x00000002   PAD
    0x010045ac   0x00000060   Code   RO         1090    i.gap_set_advertising_data  fr8010h_stack.lib(gap_api.o)
    0x0100460c   0x00000048   Code   RO         1091    i.gap_set_advertising_param  fr8010h_stack.lib(gap_api.o)
    0x01004654   0x00000060   Code   RO         1092    i.gap_set_advertising_rsp_data  fr8010h_stack.lib(gap_api.o)
    0x010046b4   0x0000000c   Code   RO         1093    i.gap_set_cb_func   fr8010h_stack.lib(gap_api.o)
    0x010046c0   0x0000001c   Code   RO         1095    i.gap_set_dev_name  fr8010h_stack.lib(gap_api.o)
    0x010046dc   0x00000058   Code   RO         1097    i.gap_start_advertising  fr8010h_stack.lib(gap_api.o)
    0x01004734   0x0000004c   Code   RO         1101    i.gap_stop_advertising  fr8010h_stack.lib(gap_api.o)
    0x01004780   0x00000044   Code   RO         2731    i.gapc_auth_get     fr8010h_stack.lib(gapc.o)
    0x010047c4   0x00000064   Code   RO         2732    i.gapc_auth_set     fr8010h_stack.lib(gapc.o)
    0x01004828   0x000000e0   Code   RO         4347    i.gapc_bond_cfm_handler  fr8010h_stack.lib(gapc_task.o)
    0x01004908   0x0000005c   Code   RO         4348    i.gapc_bond_cmd_handler  fr8010h_stack.lib(gapc_task.o)
    0x01004964   0x0000013c   Code   RO         2622    i.gapc_bond_ind_handler  fr8010h_stack.lib(app_sec.o)
    0x01004aa0   0x00000110   Code   RO         2623    i.gapc_bond_req_ind_handler  fr8010h_stack.lib(app_sec.o)
    0x01004bb0   0x00000080   Code   RO         2733    i.gapc_cleanup      fr8010h_stack.lib(gapc.o)
    0x01004c30   0x0000002e   Code   RO         4038    i.gapc_cmp_evt_handler  fr8010h_stack.lib(app_task.o)
    0x01004c5e   0x00000004   Code   RO         4349    i.gapc_cmp_evt_handler  fr8010h_stack.lib(gapc_task.o)
    0x01004c62   0x00000002   PAD
    0x01004c64   0x0000003c   Code   RO         5310    i.gapc_cmp_evt_handler  fr8010h_stack.lib(gattc_task.o)
    0x01004ca0   0x00000064   Code   RO         6058    i.gapc_cmp_evt_handler  fr8010h_stack.lib(gapm_init.o)
    0x01004d04   0x00000010   Code   RO         2734    i.gapc_con_cleanup  fr8010h_stack.lib(gapc.o)
    0x01004d14   0x00000178   Code   RO         2735    i.gapc_con_create   fr8010h_stack.lib(gapc.o)
    0x01004e8c   0x00000084   Code   RO         4350    i.gapc_connection_cfm_handler  fr8010h_stack.lib(gapc_task.o)
    0x01004f10   0x00000094   Code   RO         4039    i.gapc_connection_req_ind_handler  fr8010h_stack.lib(app_task.o)
    0x01004fa4   0x00000004   Code   RO         4351    i.gapc_default_msg_handler  fr8010h_stack.lib(gapc_task.o)
    0x01004fa8   0x00000070   Code   RO         4352    i.gapc_disconnect_cmd_handler  fr8010h_stack.lib(gapc_task.o)
    0x01005018   0x00000028   Code   RO         4040    i.gapc_disconnect_ind_handler  fr8010h_stack.lib(app_task.o)
    0x01005040   0x0000001c   Code   RO         2736    i.gapc_enc_keysize_get  fr8010h_stack.lib(gapc.o)
    0x0100505c   0x00000018   Code   RO         2737    i.gapc_enc_keysize_set  fr8010h_stack.lib(gapc.o)
    0x01005074   0x00000036   Code   RO         4353    i.gapc_encrypt_cfm_handler  fr8010h_stack.lib(gapc_task.o)
    0x010050aa   0x00000002   PAD
    0x010050ac   0x0000005c   Code   RO         4354    i.gapc_encrypt_cmd_handler  fr8010h_stack.lib(gapc_task.o)
    0x01005108   0x00000024   Code   RO         2624    i.gapc_encrypt_ind_handler  fr8010h_stack.lib(app_sec.o)
    0x0100512c   0x0000005c   Code   RO         2625    i.gapc_encrypt_req_ind_handler  fr8010h_stack.lib(app_sec.o)
    0x01005188   0x0000001c   Code   RO         4355    i.gapc_gen_dh_key_ind_handler  fr8010h_stack.lib(gapc_task.o)
    0x010051a4   0x00000024   Code   RO         2738    i.gapc_get_bdaddr   fr8010h_stack.lib(gapc.o)
    0x010051c8   0x00000018   Code   RO         2739    i.gapc_get_chan_sel_algo  fr8010h_stack.lib(gapc.o)
    0x010051e0   0x00000028   Code   RO         2740    i.gapc_get_conhdl   fr8010h_stack.lib(gapc.o)
    0x01005208   0x00000038   Code   RO         2741    i.gapc_get_conidx_imp  fr8010h_stack.lib(gapc.o)
    0x01005240   0x00000024   Code   RO         2742    i.gapc_get_csrk     fr8010h_stack.lib(gapc.o)
    0x01005264   0x00000010   Code   RO         2743    i.gapc_get_dest_task  fr8010h_stack.lib(gapc.o)
    0x01005274   0x000000ba   Code   RO         4356    i.gapc_get_dev_info_cfm_handler  fr8010h_stack.lib(gapc_task.o)
    0x0100532e   0x0000006c   Code   RO         4041    i.gapc_get_dev_info_req_ind_handler  fr8010h_stack.lib(app_task.o)
    0x0100539a   0x00000002   PAD
    0x0100539c   0x00000138   Code   RO         4357    i.gapc_get_info_cmd_handler  fr8010h_stack.lib(gapc_task.o)
    0x010054d4   0x0000001c   Code   RO         2744    i.gapc_get_operation  fr8010h_stack.lib(gapc.o)
    0x010054f0   0x00000010   Code   RO         2745    i.gapc_get_operation_ptr  fr8010h_stack.lib(gapc.o)
    0x01005500   0x00000020   Code   RO         2746    i.gapc_get_requester  fr8010h_stack.lib(gapc.o)
    0x01005520   0x00000020   Code   RO         2747    i.gapc_get_role     fr8010h_stack.lib(gapc.o)
    0x01005540   0x00000024   Code   RO         2748    i.gapc_get_sign_counter  fr8010h_stack.lib(gapc.o)
    0x01005564   0x00000064   Code   RO         5621    i.gapc_hci_handler  fr8010h_stack.lib(gapc_hci.o)
    0x010055c8   0x0000004c   Code   RO         2749    i.gapc_init         fr8010h_stack.lib(gapc.o)
    0x01005614   0x00000004   Code   RO         2750    i.gapc_is_disc_connection  fr8010h_stack.lib(gapc.o)
    0x01005618   0x00000040   Code   RO         2751    i.gapc_is_sec_set   fr8010h_stack.lib(gapc.o)
    0x01005658   0x00000070   Code   RO         4358    i.gapc_key_press_notification_cmd_handler  fr8010h_stack.lib(gapc_task.o)
    0x010056c8   0x00000028   Code   RO         2752    i.gapc_link_encrypted  fr8010h_stack.lib(gapc.o)
    0x010056f0   0x0000002c   Code   RO         2753    i.gapc_lk_sec_lvl_get  fr8010h_stack.lib(gapc.o)
    0x0100571c   0x00000060   Code   RO         2754    i.gapc_operation_cleanup  fr8010h_stack.lib(gapc.o)
    0x0100577c   0x00000104   Code   RO         4359    i.gapc_param_update_cfm_handler  fr8010h_stack.lib(gapc_task.o)
    0x01005880   0x0000011c   Code   RO         4360    i.gapc_param_update_cmd_handler  fr8010h_stack.lib(gapc_task.o)
    0x0100599c   0x00000078   Code   RO         4042    i.gapc_param_update_req_ind_handler  fr8010h_stack.lib(app_task.o)
    0x01005a14   0x00000028   Code   RO         2755    i.gapc_param_update_sanity  fr8010h_stack.lib(gapc.o)
    0x01005a3c   0x00000064   Code   RO         6059    i.gapc_peer_att_info_ind_handler  fr8010h_stack.lib(gapm_init.o)
    0x01005aa0   0x0000000e   Code   RO         4043    i.gapc_peer_features_ind_handler  fr8010h_stack.lib(app_task.o)
    0x01005aae   0x0000008c   Code   RO         4361    i.gapc_process_op   fr8010h_stack.lib(gapc_task.o)
    0x01005b3a   0x00000002   PAD
    0x01005b3c   0x0000003c   Code   RO         2756    i.gapc_reschedule_operation  fr8010h_stack.lib(gapc.o)
    0x01005b78   0x00000048   Code   RO         4362    i.gapc_security_cmd_handler  fr8010h_stack.lib(gapc_task.o)
    0x01005bc0   0x00000048   Code   RO         2626    i.gapc_security_ind_handler  fr8010h_stack.lib(app_sec.o)
    0x01005c08   0x00000060   Code   RO         2757    i.gapc_send_complete_evt  fr8010h_stack.lib(gapc.o)
    0x01005c68   0x00000026   Code   RO         2758    i.gapc_send_disconect_ind  fr8010h_stack.lib(gapc.o)
    0x01005c8e   0x00000026   Code   RO         2759    i.gapc_send_error_evt  fr8010h_stack.lib(gapc.o)
    0x01005cb4   0x0000004e   Code   RO         4363    i.gapc_set_dev_info_cfm_handler  fr8010h_stack.lib(gapc_task.o)
    0x01005d02   0x00000022   Code   RO         4044    i.gapc_set_dev_info_req_ind_handler  fr8010h_stack.lib(app_task.o)
    0x01005d24   0x0000004c   Code   RO         4364    i.gapc_set_le_ping_to_handler  fr8010h_stack.lib(gapc_task.o)
    0x01005d70   0x00000050   Code   RO         4365    i.gapc_set_le_pkt_size_handler  fr8010h_stack.lib(gapc_task.o)
    0x01005dc0   0x00000024   Code   RO         2760    i.gapc_set_local_addr  fr8010h_stack.lib(gapc.o)
    0x01005de4   0x00000010   Code   RO         2761    i.gapc_set_operation_ptr  fr8010h_stack.lib(gapc.o)
    0x01005df4   0x0000006c   Code   RO         4366    i.gapc_set_phy_cmd_handler  fr8010h_stack.lib(gapc_task.o)
    0x01005e60   0x0000004c   Code   RO         4367    i.gapc_set_pref_slave_latency_cmd_handler  fr8010h_stack.lib(gapc_task.o)
    0x01005eac   0x0000003c   Code   RO         5747    i.gapc_sig_pdu_recv_handler  fr8010h_stack.lib(gapc_sig.o)
    0x01005ee8   0x00000024   Code   RO         5748    i.gapc_sig_send_param_resp  fr8010h_stack.lib(gapc_sig.o)
    0x01005f0c   0x0000003c   Code   RO         4368    i.gapc_sign_cmd_handler  fr8010h_stack.lib(gapc_task.o)
    0x01005f48   0x0000008a   Code   RO         5311    i.gapc_sign_ind_handler  fr8010h_stack.lib(gattc_task.o)
    0x01005fd2   0x00000002   PAD
    0x01005fd4   0x00000030   Code   RO         4369    i.gapc_smp_rep_attempts_timer_handler  fr8010h_stack.lib(gapc_task.o)
    0x01006004   0x00000044   Code   RO         4370    i.gapc_smp_timeout_timer_ind_handler  fr8010h_stack.lib(gapc_task.o)
    0x01006048   0x00000014   Code   RO         2762    i.gapc_svc_chg_ccc_get  fr8010h_stack.lib(gapc.o)
    0x0100605c   0x0000001c   Code   RO         2763    i.gapc_svc_chg_ccc_set  fr8010h_stack.lib(gapc.o)
    0x01006078   0x00000044   Code   RO         4371    i.gapc_update_conn_param_to_ind_handler  fr8010h_stack.lib(gapc_task.o)
    0x010060bc   0x00000032   Code   RO         2764    i.gapc_update_state  fr8010h_stack.lib(gapc.o)
    0x010060ee   0x00000002   PAD
    0x010060f0   0x000000cc   Code   RO         4544    i.gapm_activity_create_cmd_handler  fr8010h_stack.lib(gapm_actv.o)
    0x010061bc   0x00000030   Code   RO         4045    i.gapm_activity_created_ind_handler  fr8010h_stack.lib(app_task.o)
    0x010061ec   0x0000007c   Code   RO         4545    i.gapm_activity_delete_cmd_handler  fr8010h_stack.lib(gapm_actv.o)
    0x01006268   0x00000074   Code   RO         4546    i.gapm_activity_start_cmd_handler  fr8010h_stack.lib(gapm_actv.o)
    0x010062dc   0x00000070   Code   RO         4547    i.gapm_activity_stop_cmd_handler  fr8010h_stack.lib(gapm_actv.o)
    0x0100634c   0x00000068   Code   RO         4046    i.gapm_activity_stopped_ind_handler  fr8010h_stack.lib(app_task.o)
    0x010063b4   0x00000030   Code   RO         4548    i.gapm_actv_alloc   fr8010h_stack.lib(gapm_actv.o)
    0x010063e4   0x00000064   Code   RO         4549    i.gapm_actv_created  fr8010h_stack.lib(gapm_actv.o)
    0x01006448   0x00000048   Code   RO         4550    i.gapm_actv_deleted  fr8010h_stack.lib(gapm_actv.o)
    0x01006490   0x00000038   Code   RO         4551    i.gapm_actv_free    fr8010h_stack.lib(gapm_actv.o)
    0x010064c8   0x00000020   Code   RO         4552    i.gapm_actv_get_hci_own_addr_type  fr8010h_stack.lib(gapm_actv.o)
    0x010064e8   0x00000034   Code   RO         4553    i.gapm_actv_get_next  fr8010h_stack.lib(gapm_actv.o)
    0x0100651c   0x00000054   Code   RO         4554    i.gapm_actv_init    fr8010h_stack.lib(gapm_actv.o)
    0x01006570   0x0000001c   Code   RO         4555    i.gapm_actv_rand_addr_set_ind  fr8010h_stack.lib(gapm_actv.o)
    0x0100658c   0x00000034   Code   RO         4556    i.gapm_actv_retrieve_cmd_cmp_evt  fr8010h_stack.lib(gapm_actv.o)
    0x010065c0   0x0000002a   Code   RO         4557    i.gapm_actv_send_stopped_ind  fr8010h_stack.lib(gapm_actv.o)
    0x010065ea   0x00000002   PAD
    0x010065ec   0x0000002c   Code   RO         4558    i.gapm_actv_started  fr8010h_stack.lib(gapm_actv.o)
    0x01006618   0x00000078   Code   RO         4559    i.gapm_actv_stopped  fr8010h_stack.lib(gapm_actv.o)
    0x01006690   0x000000c4   Code   RO         4649    i.gapm_addr_fsm     fr8010h_stack.lib(gapm_addr.o)
    0x01006754   0x00000018   Code   RO         4650    i.gapm_addr_init    fr8010h_stack.lib(gapm_addr.o)
    0x0100676c   0x00000028   Code   RO         4651    i.gapm_addr_renew_cmd_handler  fr8010h_stack.lib(gapm_addr.o)
    0x01006794   0x000000ac   Code   RO         4652    i.gapm_addr_renew_next_addr  fr8010h_stack.lib(gapm_addr.o)
    0x01006840   0x00000024   Code   RO         4653    i.gapm_addr_renew_to_ind_handler  fr8010h_stack.lib(gapm_addr.o)
    0x01006864   0x0000002c   Code   RO         4654    i.gapm_addr_send_dev_bdaddr_ind  fr8010h_stack.lib(gapm_addr.o)
    0x01006890   0x000000ac   Code   RO         4655    i.gapm_addr_set_rand_addr  fr8010h_stack.lib(gapm_addr.o)
    0x0100693c   0x00000010   Code   RO         4047    i.gapm_addr_solved_ind_handler  fr8010h_stack.lib(app_task.o)
    0x0100694c   0x0000007c   Code   RO         5783    i.gapm_adv_check_data_sanity  fr8010h_stack.lib(gapm_adv.o)
    0x010069c8   0x000000e4   Code   RO         5784    i.gapm_adv_check_param  fr8010h_stack.lib(gapm_adv.o)
    0x01006aac   0x000000a8   Code   RO         5785    i.gapm_adv_create   fr8010h_stack.lib(gapm_adv.o)
    0x01006b54   0x00000014   Code   RO         5786    i.gapm_adv_delete   fr8010h_stack.lib(gapm_adv.o)
    0x01006b68   0x00000022   Code   RO         5787    i.gapm_adv_send_hci_le_rmv_adv_set_cmd  fr8010h_stack.lib(gapm_adv.o)
    0x01006b8a   0x000000b8   Code   RO         5788    i.gapm_adv_send_hci_le_set_ext_adv_data_cmd  fr8010h_stack.lib(gapm_adv.o)
    0x01006c42   0x00000052   Code   RO         5789    i.gapm_adv_send_hci_le_set_ext_adv_en_cmd  fr8010h_stack.lib(gapm_adv.o)
    0x01006c94   0x000000ba   Code   RO         5790    i.gapm_adv_send_hci_le_set_ext_adv_param_cmd  fr8010h_stack.lib(gapm_adv.o)
    0x01006d4e   0x000000b6   Code   RO         5791    i.gapm_adv_send_hci_le_set_ext_scan_rsp_data_cmd  fr8010h_stack.lib(gapm_adv.o)
    0x01006e04   0x00000068   Code   RO         5792    i.gapm_adv_send_hci_le_set_per_adv_data_cmd  fr8010h_stack.lib(gapm_adv.o)
    0x01006e6c   0x00000026   Code   RO         5793    i.gapm_adv_send_hci_le_set_per_adv_en_cmd  fr8010h_stack.lib(gapm_adv.o)
    0x01006e92   0x00000062   Code   RO         5794    i.gapm_adv_set_data  fr8010h_stack.lib(gapm_adv.o)
    0x01006ef4   0x0000004c   Code   RO         5795    i.gapm_adv_start    fr8010h_stack.lib(gapm_adv.o)
    0x01006f40   0x00000024   Code   RO         5796    i.gapm_adv_stop     fr8010h_stack.lib(gapm_adv.o)
    0x01006f64   0x00000038   Code   RO         6060    i.gapm_auto_conn_to_ind_handler  fr8010h_stack.lib(gapm_init.o)
    0x01006f9c   0x0000017c   Code   RO         4048    i.gapm_cmp_evt_handler  fr8010h_stack.lib(app_task.o)
    0x01007118   0x00000078   Code   RO         4372    i.gapm_cmp_evt_handler  fr8010h_stack.lib(gapc_task.o)
    0x01007190   0x00000020   Code   RO         4656    i.gapm_cmp_evt_handler  fr8010h_stack.lib(gapm_addr.o)
    0x010071b0   0x00000038   Code   RO         2966    i.gapm_con_cleanup  fr8010h_stack.lib(gapm.o)
    0x010071e8   0x00000068   Code   RO         2967    i.gapm_con_create   fr8010h_stack.lib(gapm.o)
    0x01007250   0x0000000a   Code   RO         2968    i.gapm_con_enable   fr8010h_stack.lib(gapm.o)
    0x0100725a   0x00000004   Code   RO         4722    i.gapm_default_msg_handler  fr8010h_stack.lib(gapm_task.o)
    0x0100725e   0x00000002   PAD
    0x01007260   0x0000003c   Code   RO         4657    i.gapm_dev_bdaddr_ind_handler  fr8010h_stack.lib(gapm_addr.o)
    0x0100729c   0x0000001c   Code   RO         2969    i.gapm_dle_val_check  fr8010h_stack.lib(gapm.o)
    0x010072b8   0x0000000c   Code   RO         4049    i.gapm_ext_adv_report_ind_handler  fr8010h_stack.lib(app_task.o)
    0x010072c4   0x00000050   Code   RO         6358    i.gapm_gen_dh_key_cmd_handler  fr8010h_stack.lib(gapm_smp.o)
    0x01007314   0x0000003c   Code   RO         6359    i.gapm_gen_rand_addr_cmd_handler  fr8010h_stack.lib(gapm_smp.o)
    0x01007350   0x0000002c   Code   RO         4050    i.gapm_gen_rand_nb_ind_handler  fr8010h_stack.lib(app_task.o)
    0x0100737c   0x00000028   Code   RO         4373    i.gapm_gen_rand_nb_ind_handler  fr8010h_stack.lib(gapc_task.o)
    0x010073a4   0x00000010   Code   RO         2970    i.gapm_get_address_type  fr8010h_stack.lib(gapm.o)
    0x010073b4   0x00000028   Code   RO         2971    i.gapm_get_att_handle  fr8010h_stack.lib(gapm.o)
    0x010073dc   0x00000008   Code   RO         2972    i.gapm_get_bdaddr   fr8010h_stack.lib(gapm.o)
    0x010073e4   0x00000110   Code   RO         5894    i.gapm_get_dev_info_cmd_handler  fr8010h_stack.lib(gapm_cfg.o)
    0x010074f4   0x00000008   Code   RO         2974    i.gapm_get_irk      fr8010h_stack.lib(gapm.o)
    0x010074fc   0x00000008   Code   RO         2975    i.gapm_get_local_public_key  fr8010h_stack.lib(gapm.o)
    0x01007504   0x0000000c   Code   RO         2976    i.gapm_get_max_mps  fr8010h_stack.lib(gapm.o)
    0x01007510   0x0000000c   Code   RO         2977    i.gapm_get_max_mtu  fr8010h_stack.lib(gapm.o)
    0x0100751c   0x00000018   Code   RO         2978    i.gapm_get_operation  fr8010h_stack.lib(gapm.o)
    0x01007534   0x0000009c   Code   RO         6360    i.gapm_get_pub_key_cmd_handler  fr8010h_stack.lib(gapm_smp.o)
    0x010075d0   0x00000054   Code   RO         6120    i.gapm_get_ral_addr_cmd_handler  fr8010h_stack.lib(gapm_list.o)
    0x01007624   0x0000001c   Code   RO         2979    i.gapm_get_requester  fr8010h_stack.lib(gapm.o)
    0x01007640   0x00000058   Code   RO         4723    i.gapm_hci_handler  fr8010h_stack.lib(gapm_task.o)
    0x01007698   0x00000070   Code   RO         2981    i.gapm_init         fr8010h_stack.lib(gapm.o)
    0x01007708   0x00000034   Code   RO         2982    i.gapm_init_attr    fr8010h_stack.lib(gapm.o)
    0x0100773c   0x00000098   Code   RO         6061    i.gapm_init_connection_ind  fr8010h_stack.lib(gapm_init.o)
    0x010077d4   0x00000080   Code   RO         6062    i.gapm_init_create  fr8010h_stack.lib(gapm_init.o)
    0x01007854   0x00000004   Code   RO         6063    i.gapm_init_delete  fr8010h_stack.lib(gapm_init.o)
    0x01007858   0x000000d4   Code   RO         6064    i.gapm_init_send_hci_le_ext_create_con_cmd  fr8010h_stack.lib(gapm_init.o)
    0x0100792c   0x00000074   Code   RO         6065    i.gapm_init_start   fr8010h_stack.lib(gapm_init.o)
    0x010079a0   0x00000030   Code   RO         6066    i.gapm_init_stop    fr8010h_stack.lib(gapm_init.o)
    0x010079d0   0x00000044   Code   RO         4658    i.gapm_is_addr_type_valid  fr8010h_stack.lib(gapm_addr.o)
    0x01007a14   0x00000010   Code   RO         2983    i.gapm_is_legacy_pairing_supp  fr8010h_stack.lib(gapm.o)
    0x01007a24   0x00000010   Code   RO         2984    i.gapm_is_pref_con_param_pres  fr8010h_stack.lib(gapm.o)
    0x01007a34   0x00000010   Code   RO         2985    i.gapm_is_sec_con_pairing_supp  fr8010h_stack.lib(gapm.o)
    0x01007a44   0x0000001c   Code   RO         2986    i.gapm_le_psm_cleanup  fr8010h_stack.lib(gapm.o)
    0x01007a60   0x0000001c   Code   RO         2987    i.gapm_le_psm_find  fr8010h_stack.lib(gapm.o)
    0x01007a7c   0x0000002e   Code   RO         2988    i.gapm_le_psm_get_info  fr8010h_stack.lib(gapm.o)
    0x01007aaa   0x00000002   PAD
    0x01007aac   0x00000078   Code   RO         5895    i.gapm_le_test_mode_ctrl_cmd_handler  fr8010h_stack.lib(gapm_cfg.o)
    0x01007b24   0x00000034   Code   RO         2989    i.gapm_lecb_register  fr8010h_stack.lib(gapm.o)
    0x01007b58   0x00000024   Code   RO         2990    i.gapm_lecb_unregister  fr8010h_stack.lib(gapm.o)
    0x01007b7c   0x00000064   Code   RO         5896    i.gapm_lepsm_register_cmd_handler  fr8010h_stack.lib(gapm_cfg.o)
    0x01007be0   0x00000054   Code   RO         5897    i.gapm_lepsm_unregister_cmd_handler  fr8010h_stack.lib(gapm_cfg.o)
    0x01007c34   0x000000ae   Code   RO         6121    i.gapm_list_add_next_entry  fr8010h_stack.lib(gapm_list.o)
    0x01007ce2   0x00000026   Code   RO         6122    i.gapm_list_send_list_size_ind  fr8010h_stack.lib(gapm_list.o)
    0x01007d08   0x00000050   Code   RO         6123    i.gapm_list_set_cmd_handler  fr8010h_stack.lib(gapm_list.o)
    0x01007d58   0x000000a4   Code   RO         5898    i.gapm_op_reset_continue  fr8010h_stack.lib(gapm_cfg.o)
    0x01007dfc   0x00000128   Code   RO         5899    i.gapm_op_setup_continue  fr8010h_stack.lib(gapm_cfg.o)
    0x01007f24   0x00000034   Code   RO         2991    i.gapm_operation_cleanup  fr8010h_stack.lib(gapm.o)
    0x01007f58   0x0000001e   Code   RO         6178    i.gapm_per_sync_clear_fragments  fr8010h_stack.lib(gapm_per_sync.o)
    0x01007f76   0x00000002   PAD
    0x01007f78   0x00000044   Code   RO         6179    i.gapm_per_sync_create  fr8010h_stack.lib(gapm_per_sync.o)
    0x01007fbc   0x00000004   Code   RO         6180    i.gapm_per_sync_delete  fr8010h_stack.lib(gapm_per_sync.o)
    0x01007fc0   0x00000058   Code   RO         6181    i.gapm_per_sync_get_activity  fr8010h_stack.lib(gapm_per_sync.o)
    0x01008018   0x00000090   Code   RO         6182    i.gapm_per_sync_send_adv_report_ind  fr8010h_stack.lib(gapm_per_sync.o)
    0x010080a8   0x0000007c   Code   RO         6183    i.gapm_per_sync_start  fr8010h_stack.lib(gapm_per_sync.o)
    0x01008124   0x00000040   Code   RO         6184    i.gapm_per_sync_stop  fr8010h_stack.lib(gapm_per_sync.o)
    0x01008164   0x00000074   Code   RO         2992    i.gapm_process_op   fr8010h_stack.lib(gapm.o)
    0x010081d8   0x00000022   Code   RO         4051    i.gapm_profile_added_ind_handler  fr8010h_stack.lib(app_task.o)
    0x010081fa   0x00000002   PAD
    0x010081fc   0x00000060   Code   RO         5900    i.gapm_profile_task_add_cmd_handler  fr8010h_stack.lib(gapm_cfg.o)
    0x0100825c   0x00000040   Code   RO         5901    i.gapm_reset_cmd_handler  fr8010h_stack.lib(gapm_cfg.o)
    0x0100829c   0x00000038   Code   RO         6361    i.gapm_resolv_addr_cmd_handler  fr8010h_stack.lib(gapm_smp.o)
    0x010082d4   0x00000028   Code   RO         6265    i.gapm_scan_actv_clean  fr8010h_stack.lib(gapm_scan.o)
    0x010082fc   0x0000006a   Code   RO         6266    i.gapm_scan_add_to_filter  fr8010h_stack.lib(gapm_scan.o)
    0x01008366   0x0000001a   Code   RO         6267    i.gapm_scan_clear_fragments  fr8010h_stack.lib(gapm_scan.o)
    0x01008380   0x00000070   Code   RO         6268    i.gapm_scan_create  fr8010h_stack.lib(gapm_scan.o)
    0x010083f0   0x00000004   Code   RO         6269    i.gapm_scan_delete  fr8010h_stack.lib(gapm_scan.o)
    0x010083f4   0x000000de   Code   RO         6270    i.gapm_scan_filter_packet  fr8010h_stack.lib(gapm_scan.o)
    0x010084d2   0x00000140   Code   RO         6271    i.gapm_scan_send_adv_report_ind  fr8010h_stack.lib(gapm_scan.o)
    0x01008612   0x00000002   PAD
    0x01008614   0x00000050   Code   RO         6272    i.gapm_scan_send_hci_le_set_ext_scan_en_cmd  fr8010h_stack.lib(gapm_scan.o)
    0x01008664   0x0000009c   Code   RO         6273    i.gapm_scan_send_hci_le_set_ext_scan_param_cmd  fr8010h_stack.lib(gapm_scan.o)
    0x01008700   0x0000004c   Code   RO         6274    i.gapm_scan_start   fr8010h_stack.lib(gapm_scan.o)
    0x0100874c   0x00000014   Code   RO         6275    i.gapm_scan_stop    fr8010h_stack.lib(gapm_scan.o)
    0x01008760   0x00000076   Code   RO         6276    i.gapm_scan_store_fragment  fr8010h_stack.lib(gapm_scan.o)
    0x010087d6   0x00000002   PAD
    0x010087d8   0x00000044   Code   RO         2993    i.gapm_send_complete_evt  fr8010h_stack.lib(gapm.o)
    0x0100881c   0x00000024   Code   RO         2994    i.gapm_send_error_evt  fr8010h_stack.lib(gapm.o)
    0x01008840   0x000000e8   Code   RO         5797    i.gapm_set_adv_data_cmd_handler  fr8010h_stack.lib(gapm_adv.o)
    0x01008928   0x00000058   Code   RO         5902    i.gapm_set_channel_map_cmd_handler  fr8010h_stack.lib(gapm_cfg.o)
    0x01008980   0x000001e8   Code   RO         5903    i.gapm_set_dev_config_cmd_handler  fr8010h_stack.lib(gapm_cfg.o)
    0x01008b68   0x00000038   Code   RO         5904    i.gapm_set_irk_cmd_handler  fr8010h_stack.lib(gapm_cfg.o)
    0x01008ba0   0x00000020   Code   RO         2995    i.gapm_set_max_mps  fr8010h_stack.lib(gapm.o)
    0x01008bc0   0x00000020   Code   RO         2996    i.gapm_set_max_mtu  fr8010h_stack.lib(gapm.o)
    0x01008be0   0x00000014   Code   RO         6362    i.gapm_smp_encrypt_req  fr8010h_stack.lib(gapm_smp.o)
    0x01008bf4   0x000000a0   Code   RO         6363    i.gapm_smp_encrypt_rsp  fr8010h_stack.lib(gapm_smp.o)
    0x01008c94   0x0000000c   Code   RO         6364    i.gapm_smp_rand_req  fr8010h_stack.lib(gapm_smp.o)
    0x01008ca0   0x00000094   Code   RO         6365    i.gapm_smp_rand_rsp  fr8010h_stack.lib(gapm_smp.o)
    0x01008d34   0x00000098   Code   RO         6366    i.gapm_smp_resolv_op_cont  fr8010h_stack.lib(gapm_smp.o)
    0x01008dcc   0x00000010   Code   RO         2997    i.gapm_svc_chg_en   fr8010h_stack.lib(gapm.o)
    0x01008ddc   0x00000088   Code   RO         4052    i.gapm_sync_established_ind_handler  fr8010h_stack.lib(app_task.o)
    0x01008e64   0x00000022   Code   RO         4724    i.gapm_unknown_task_msg_handler  fr8010h_stack.lib(gapm_task.o)
    0x01008e86   0x0000002c   Code   RO         2998    i.gapm_update_state  fr8010h_stack.lib(gapm.o)
    0x01008eb2   0x00000002   PAD
    0x01008eb4   0x00000040   Code   RO         6367    i.gapm_use_enc_block_cmd_handler  fr8010h_stack.lib(gapm_smp.o)
    0x01008ef4   0x0000003c   Code   RO         4374    i.gapm_use_enc_block_ind_handler  fr8010h_stack.lib(gapc_task.o)
    0x01008f30   0x00000068   Code   RO         1458    i.gatt_add_service  fr8010h_stack.lib(gatt_api.o)
    0x01008f98   0x00000040   Code   RO         1466    i.gatt_clr_peer_svc  fr8010h_stack.lib(gatt_api.o)
    0x01008fd8   0x0000002c   Code   RO         1469    i.gatt_get_free_svc_id  fr8010h_stack.lib(gatt_api.o)
    0x01009004   0x00000028   Code   RO         1473    i.gatt_msg_default_handler  fr8010h_stack.lib(gatt_api.o)
    0x0100902c   0x00000408   Code   RO         1474    i.gatt_msg_default_handler_imp  fr8010h_stack.lib(gatt_api.o)
    0x01009434   0x00000074   Code   RO         1477    i.gatt_profile_task_add  fr8010h_stack.lib(gatt_api.o)
    0x010094a8   0x00000080   Code   RO         1478    i.gatt_regist_peer_prf_info  fr8010h_stack.lib(gatt_api.o)
    0x01009528   0x0000003c   Code   RO         1479    i.gatt_servcie_added  fr8010h_stack.lib(gatt_api.o)
    0x01009564   0x00000034   Code   RO         1480    i.gatt_service_connection_cleanup  fr8010h_stack.lib(gatt_api.o)
    0x01009598   0x0000003c   Code   RO         1481    i.gatt_service_connection_created  fr8010h_stack.lib(gatt_api.o)
    0x010095d4   0x00000002   Code   RO         1482    i.gatt_service_destroy  fr8010h_stack.lib(gatt_api.o)
    0x010095d6   0x00000002   PAD
    0x010095d8   0x0000034c   Code   RO         1483    i.gatt_service_init  fr8010h_stack.lib(gatt_api.o)
    0x01009924   0x00000124   Code   RO         1484    i.gatt_store_peer_prf_info  fr8010h_stack.lib(gatt_api.o)
    0x01009a48   0x0000008c   Code   RO         2537    i.gatt_write_peer_svc_to_flash  fr8010h_stack.lib(user_bond_manage.o)
    0x01009ad4   0x00000058   Code   RO         5312    i.gattc_att_info_cfm_handler  fr8010h_stack.lib(gattc_task.o)
    0x01009b2c   0x00000066   Code   RO         4375    i.gattc_att_info_req_ind_handler  fr8010h_stack.lib(gapc_task.o)
    0x01009b92   0x00000050   Code   RO         5313    i.gattc_att_info_req_ind_handler  fr8010h_stack.lib(gattc_task.o)
    0x01009be2   0x00000002   PAD
    0x01009be4   0x000000a4   Code   RO         3340    i.gattc_cleanup     fr8010h_stack.lib(gattc.o)
    0x01009c88   0x0000003e   Code   RO         4376    i.gattc_cmp_evt_handler  fr8010h_stack.lib(gapc_task.o)
    0x01009cc6   0x00000002   PAD
    0x01009cc8   0x00000184   Code   RO         5314    i.gattc_cmp_evt_handler  fr8010h_stack.lib(gattc_task.o)
    0x01009e4c   0x00000016   Code   RO         3341    i.gattc_con_enable  fr8010h_stack.lib(gattc.o)
    0x01009e62   0x00000002   PAD
    0x01009e64   0x0000008c   Code   RO         3342    i.gattc_create      fr8010h_stack.lib(gattc.o)
    0x01009ef0   0x0000000c   Code   RO         5315    i.gattc_default_msg_handler  fr8010h_stack.lib(gattc_task.o)
    0x01009efc   0x00000070   Code   RO         5316    i.gattc_disc_char_desc_ind_handler  fr8010h_stack.lib(gattc_task.o)
    0x01009f6c   0x00000098   Code   RO         5317    i.gattc_disc_char_ind_handler  fr8010h_stack.lib(gattc_task.o)
    0x0100a004   0x0000014c   Code   RO         5318    i.gattc_disc_cmd_handler  fr8010h_stack.lib(gattc_task.o)
    0x0100a150   0x00000074   Code   RO         5319    i.gattc_disc_svc_incl_ind_handler  fr8010h_stack.lib(gattc_task.o)
    0x0100a1c4   0x0000005c   Code   RO         5320    i.gattc_disc_svc_ind_handler  fr8010h_stack.lib(gattc_task.o)
    0x0100a220   0x00000018   Code   RO         5321    i.gattc_event_cfm_handler  fr8010h_stack.lib(gattc_task.o)
    0x0100a238   0x00000054   Code   RO         4053    i.gattc_event_ind_handler  fr8010h_stack.lib(app_task.o)
    0x0100a28c   0x00000048   Code   RO         5322    i.gattc_exc_mtu_cmd_handler  fr8010h_stack.lib(gattc_task.o)
    0x0100a2d4   0x00000030   Code   RO         5323    i.gattc_execute_write_cmd_handler  fr8010h_stack.lib(gattc_task.o)
    0x0100a304   0x00000010   Code   RO         3343    i.gattc_get_mtu     fr8010h_stack.lib(gattc.o)
    0x0100a314   0x0000001c   Code   RO         3345    i.gattc_get_operation  fr8010h_stack.lib(gattc.o)
    0x0100a330   0x00000010   Code   RO         3346    i.gattc_get_operation_ptr  fr8010h_stack.lib(gattc.o)
    0x0100a340   0x00000020   Code   RO         3347    i.gattc_get_requester  fr8010h_stack.lib(gattc.o)
    0x0100a360   0x00000050   Code   RO         3348    i.gattc_init        fr8010h_stack.lib(gattc.o)
    0x0100a3b0   0x0000006c   Code   RO         3349    i.gattc_operation_cleanup  fr8010h_stack.lib(gattc.o)
    0x0100a41c   0x000000a8   Code   RO         5324    i.gattc_process_op  fr8010h_stack.lib(gattc_task.o)
    0x0100a4c4   0x00000044   Code   RO         5325    i.gattc_read_cfm_handler  fr8010h_stack.lib(gattc_task.o)
    0x0100a508   0x00000130   Code   RO         5326    i.gattc_read_cmd_handler  fr8010h_stack.lib(gattc_task.o)
    0x0100a638   0x000000e8   Code   RO         4377    i.gattc_read_ind_handler  fr8010h_stack.lib(gapc_task.o)
    0x0100a720   0x000000b8   Code   RO         4378    i.gattc_read_req_ind_handler  fr8010h_stack.lib(gapc_task.o)
    0x0100a7d8   0x0000005e   Code   RO         5327    i.gattc_read_req_ind_handler  fr8010h_stack.lib(gattc_task.o)
    0x0100a836   0x00000002   PAD
    0x0100a838   0x000000a4   Code   RO         5328    i.gattc_reg_to_peer_evt_cmd_handler  fr8010h_stack.lib(gattc_task.o)
    0x0100a8dc   0x0000003c   Code   RO         3350    i.gattc_reschedule_operation  fr8010h_stack.lib(gattc.o)
    0x0100a918   0x000000c4   Code   RO         5329    i.gattc_sdp_svc_disc_cmd_handler  fr8010h_stack.lib(gattc_task.o)
    0x0100a9dc   0x00000068   Code   RO         3351    i.gattc_send_complete_evt  fr8010h_stack.lib(gattc.o)
    0x0100aa44   0x0000002c   Code   RO         3352    i.gattc_send_error_evt  fr8010h_stack.lib(gattc.o)
    0x0100aa70   0x00000058   Code   RO         5330    i.gattc_send_evt_cmd_handler  fr8010h_stack.lib(gattc_task.o)
    0x0100aac8   0x000000b2   Code   RO         5331    i.gattc_send_svc_changed_cmd_handler  fr8010h_stack.lib(gattc_task.o)
    0x0100ab7a   0x00000002   PAD
    0x0100ab7c   0x00000050   Code   RO         3353    i.gattc_set_mtu     fr8010h_stack.lib(gattc.o)
    0x0100abcc   0x00000010   Code   RO         3354    i.gattc_set_operation_ptr  fr8010h_stack.lib(gattc.o)
    0x0100abdc   0x0000006c   Code   RO         5332    i.gattc_timeout_handler  fr8010h_stack.lib(gattc_task.o)
    0x0100ac48   0x00000028   Code   RO         3355    i.gattc_update_state  fr8010h_stack.lib(gattc.o)
    0x0100ac70   0x00000088   Code   RO         5333    i.gattc_write_cfm_handler  fr8010h_stack.lib(gattc_task.o)
    0x0100acf8   0x00000194   Code   RO         5334    i.gattc_write_cmd_handler  fr8010h_stack.lib(gattc_task.o)
    0x0100ae8c   0x000000e0   Code   RO         4379    i.gattc_write_req_ind_handler  fr8010h_stack.lib(gapc_task.o)
    0x0100af6c   0x00000072   Code   RO         5335    i.gattc_write_req_ind_handler  fr8010h_stack.lib(gattc_task.o)
    0x0100afde   0x00000006   Code   RO         3468    i.gattm_cleanup     fr8010h_stack.lib(gattm.o)
    0x0100afe4   0x00000004   Code   RO         3469    i.gattm_create      fr8010h_stack.lib(gattm.o)
    0x0100afe8   0x00000004   Code   RO         5471    i.gattm_default_msg_handler  fr8010h_stack.lib(gattm_task.o)
    0x0100afec   0x00000024   Code   RO         3470    i.gattm_init        fr8010h_stack.lib(gattm.o)
    0x0100b010   0x00000064   Code   RO         3471    i.gattm_init_attr   fr8010h_stack.lib(gattm.o)
    0x0100b074   0x0000000c   Code   RO         3472    i.gattm_svc_get_start_hdl  fr8010h_stack.lib(gattm.o)
    0x0100b080   0x00000034   Code   RO         1485    i.get_active_service_id  fr8010h_stack.lib(gatt_api.o)
    0x0100b0b4   0x00000008   Code   RO         1486    i.get_gatt_default_itf  fr8010h_stack.lib(gatt_api.o)
    0x0100b0bc   0x0000001c   Code   RO         4165    i.get_stored_info_req  fr8010h_stack.lib(app_proj_event.o)
    0x0100b0d8   0x0000004c   Code   RO         2186    i.get_valid_tim_evt_id  fr8010h_stack.lib(os_timer.o)
    0x0100b124   0x00000120   Code   RO         7023    i.hci_acl_data_handler  fr8010h_stack.lib(l2cc_task.o)
    0x0100b244   0x00000024   Code   RO         5622    i.hci_auth_payl_to_exp_evt_handler  fr8010h_stack.lib(gapc_hci.o)
    0x0100b268   0x000000a4   Code   RO         5905    i.hci_basic_cmd_cmp_evt_cfg_handler  fr8010h_stack.lib(gapm_cfg.o)
    0x0100b30c   0x00000044   Code   RO         5906    i.hci_basic_cmd_cmp_evt_rl_cfg_handler  fr8010h_stack.lib(gapm_cfg.o)
    0x0100b350   0x000000f4   Code   RO         5623    i.hci_cmd_stat_event_handler  fr8010h_stack.lib(gapc_hci.o)
    0x0100b444   0x0000005c   Code   RO         5624    i.hci_disc_cmp_evt_handler  fr8010h_stack.lib(gapc_hci.o)
    0x0100b4a0   0x00000028   Code   RO         5625    i.hci_enc_chg_evt_handler  fr8010h_stack.lib(gapc_hci.o)
    0x0100b4c8   0x00000028   Code   RO         5626    i.hci_enc_key_refr_evt_handler  fr8010h_stack.lib(gapc_hci.o)
    0x0100b4f0   0x00000078   Code   RO         5798    i.hci_le_adv_set_term_evt_handler  fr8010h_stack.lib(gapm_adv.o)
    0x0100b568   0x00000028   Code   RO         5627    i.hci_le_ch_sel_algo_evt_handler  fr8010h_stack.lib(gapc_hci.o)
    0x0100b590   0x00000038   Code   RO         4659    i.hci_le_cmd_cmp_evt_addr_handler  fr8010h_stack.lib(gapm_addr.o)
    0x0100b5c8   0x000000a4   Code   RO         5799    i.hci_le_cmd_cmp_evt_adv_handler  fr8010h_stack.lib(gapm_adv.o)
    0x0100b66c   0x000000d0   Code   RO         5800    i.hci_le_cmd_cmp_evt_creating_handler  fr8010h_stack.lib(gapm_adv.o)
    0x0100b73c   0x00000080   Code   RO         6067    i.hci_le_cmd_cmp_evt_init_handler  fr8010h_stack.lib(gapm_init.o)
    0x0100b7bc   0x000000a0   Code   RO         6124    i.hci_le_cmd_cmp_evt_list_handler  fr8010h_stack.lib(gapm_list.o)
    0x0100b85c   0x00000034   Code   RO         6185    i.hci_le_cmd_cmp_evt_per_sync_handler  fr8010h_stack.lib(gapm_per_sync.o)
    0x0100b890   0x00000068   Code   RO         6277    i.hci_le_cmd_cmp_evt_scan_handler  fr8010h_stack.lib(gapm_scan.o)
    0x0100b8f8   0x0000007e   Code   RO         5801    i.hci_le_cmd_cmp_evt_starting_handler  fr8010h_stack.lib(gapm_adv.o)
    0x0100b976   0x00000002   PAD
    0x0100b978   0x00000090   Code   RO         5628    i.hci_le_con_update_cmp_evt_handler  fr8010h_stack.lib(gapc_hci.o)
    0x0100ba08   0x0000003c   Code   RO         5629    i.hci_le_data_len_chg_evt_handler  fr8010h_stack.lib(gapc_hci.o)
    0x0100ba44   0x00000028   Code   RO         4560    i.hci_le_enh_con_cmp_evt_handler  fr8010h_stack.lib(gapm_actv.o)
    0x0100ba6c   0x000000c4   Code   RO         6278    i.hci_le_ext_adv_report_evt_handler  fr8010h_stack.lib(gapm_scan.o)
    0x0100bb30   0x00000026   Code   RO         6368    i.hci_le_gen_dhkey_stat_evt_handler  fr8010h_stack.lib(gapm_smp.o)
    0x0100bb56   0x00000054   Code   RO         6369    i.hci_le_generate_dhkey_cmp_evt_handler  fr8010h_stack.lib(gapm_smp.o)
    0x0100bbaa   0x00000002   PAD
    0x0100bbac   0x00000080   Code   RO         5630    i.hci_le_ltk_request_evt_handler  fr8010h_stack.lib(gapc_hci.o)
    0x0100bc2c   0x00000050   Code   RO         6186    i.hci_le_per_adv_report_evt_handler  fr8010h_stack.lib(gapm_per_sync.o)
    0x0100bc7c   0x00000066   Code   RO         6187    i.hci_le_per_adv_sync_est_evt_handler  fr8010h_stack.lib(gapm_per_sync.o)
    0x0100bce2   0x0000001c   Code   RO         6188    i.hci_le_per_adv_sync_lost_evt_handler  fr8010h_stack.lib(gapm_per_sync.o)
    0x0100bcfe   0x00000002   PAD
    0x0100bd00   0x00000068   Code   RO         5631    i.hci_le_phy_upd_cmp_evt_handler  fr8010h_stack.lib(gapc_hci.o)
    0x0100bd68   0x00000044   Code   RO         5907    i.hci_le_rd_adv_chnl_tx_pw_cmd_cmp_evt_handler  fr8010h_stack.lib(gapm_cfg.o)
    0x0100bdac   0x00000022   Code   RO         5908    i.hci_le_rd_buff_size_cmd_cmp_evt_handler  fr8010h_stack.lib(gapm_cfg.o)
    0x0100bdce   0x00000002   PAD
    0x0100bdd0   0x00000090   Code   RO         5909    i.hci_le_rd_local_p256_public_key_cmp_evt_handler  fr8010h_stack.lib(gapm_cfg.o)
    0x0100be60   0x00000042   Code   RO         5910    i.hci_le_rd_max_data_len_cmd_cmp_evt_handler  fr8010h_stack.lib(gapm_cfg.o)
    0x0100bea2   0x00000002   PAD
    0x0100bea4   0x00000068   Code   RO         5911    i.hci_le_rd_nb_supp_adv_sets_cmd_cmp_evt_handler  fr8010h_stack.lib(gapm_cfg.o)
    0x0100bf0c   0x0000003a   Code   RO         6125    i.hci_le_rd_pal_size_cmd_cmp_evt_handler  fr8010h_stack.lib(gapm_list.o)
    0x0100bf46   0x00000002   PAD
    0x0100bf48   0x0000005c   Code   RO         5632    i.hci_le_rd_phy_cmd_cmp_evt_handler  fr8010h_stack.lib(gapc_hci.o)
    0x0100bfa4   0x00000066   Code   RO         6126    i.hci_le_rd_ral_addr_cmd_cmp_evt_handler  fr8010h_stack.lib(gapm_list.o)
    0x0100c00a   0x0000003a   Code   RO         6127    i.hci_le_rd_ral_size_cmd_cmp_evt_handler  fr8010h_stack.lib(gapm_list.o)
    0x0100c044   0x000000a4   Code   RO         5633    i.hci_le_rd_rem_feats_cmp_evt_handler  fr8010h_stack.lib(gapc_hci.o)
    0x0100c0e8   0x00000048   Code   RO         5912    i.hci_le_rd_rf_path_comp_cmd_cmp_evt_handler  fr8010h_stack.lib(gapm_cfg.o)
    0x0100c130   0x0000003a   Code   RO         5913    i.hci_le_rd_suggted_dft_data_len_cmd_cmp_evt_handler  fr8010h_stack.lib(gapm_cfg.o)
    0x0100c16a   0x00000048   Code   RO         5914    i.hci_le_rd_tx_pwr_cmd_cmp_evt_handler  fr8010h_stack.lib(gapm_cfg.o)
    0x0100c1b2   0x0000003a   Code   RO         6128    i.hci_le_rd_wlst_size_cmd_cmp_evt_handler  fr8010h_stack.lib(gapm_list.o)
    0x0100c1ec   0x00000068   Code   RO         5915    i.hci_le_read_max_adv_data_len_cmd_cmp_evt_handler  fr8010h_stack.lib(gapm_cfg.o)
    0x0100c254   0x00000050   Code   RO         5634    i.hci_le_rem_con_param_req_evt_handler  fr8010h_stack.lib(gapc_hci.o)
    0x0100c2a4   0x00000060   Code   RO         5802    i.hci_le_scan_req_rcvd_evt_handler  fr8010h_stack.lib(gapm_adv.o)
    0x0100c304   0x00000028   Code   RO         6279    i.hci_le_scan_timeout_evt_handler  fr8010h_stack.lib(gapm_scan.o)
    0x0100c32c   0x00000034   Code   RO         5635    i.hci_le_set_data_len_cmd_cmp_evt_handler  fr8010h_stack.lib(gapc_hci.o)
    0x0100c360   0x00000024   Code   RO         5636    i.hci_le_start_enc_stat_evt_handler  fr8010h_stack.lib(gapc_hci.o)
    0x0100c384   0x00000038   Code   RO         7024    i.hci_nb_cmp_pkts_evt_handler  fr8010h_stack.lib(l2cc_task.o)
    0x0100c3bc   0x00000048   Code   RO         5637    i.hci_rd_auth_payl_to_cmd_cmp_evt_handler  fr8010h_stack.lib(gapc_hci.o)
    0x0100c404   0x00000044   Code   RO         5916    i.hci_rd_bd_addr_cmd_cmp_evt_handler  fr8010h_stack.lib(gapm_cfg.o)
    0x0100c448   0x00000022   Code   RO         5917    i.hci_rd_buff_size_cmd_cmp_evt_handler  fr8010h_stack.lib(gapm_cfg.o)
    0x0100c46a   0x00000060   Code   RO         5638    i.hci_rd_chnl_map_cmd_cmp_evt_handler  fr8010h_stack.lib(gapc_hci.o)
    0x0100c4ca   0x00000068   Code   RO         5918    i.hci_rd_local_ver_info_cmd_cmp_evt_handler  fr8010h_stack.lib(gapm_cfg.o)
    0x0100c532   0x00000002   PAD
    0x0100c534   0x00000088   Code   RO         5639    i.hci_rd_rem_ver_info_cmp_evt_handler  fr8010h_stack.lib(gapc_hci.o)
    0x0100c5bc   0x0000005c   Code   RO         5640    i.hci_rd_rssi_cmd_cmp_evt_handler  fr8010h_stack.lib(gapc_hci.o)
    0x0100c618   0x0000003a   Code   RO         5919    i.hci_test_end_cmd_cmp_evt_handler  fr8010h_stack.lib(gapm_cfg.o)
    0x0100c652   0x00000002   PAD
    0x0100c654   0x00000034   Code   RO         5641    i.hci_vs_set_pref_slave_latency_cmd_cmp_evt_handler  fr8010h_stack.lib(gapc_hci.o)
    0x0100c688   0x00000026   Code   RO         5642    i.hci_wr_auth_payl_to_cmd_cmp_evt_handler  fr8010h_stack.lib(gapc_hci.o)
    0x0100c6ae   0x00000002   PAD
    0x0100c6b0   0x000000e4   Code   RO         3702    i.initial_static_memory  fr8010h_stack.lib(jump_table.o)
    0x0100c794   0x000000c0   Code   RO         3703    i.jump_table_get_static_keys  fr8010h_stack.lib(jump_table.o)
    0x0100c854   0x00000054   Code   RO         3704    i.jump_table_memmory_init  fr8010h_stack.lib(jump_table.o)
    0x0100c8a8   0x00000048   Code   RO         3705    i.jump_table_param_get  fr8010h_stack.lib(jump_table.o)
    0x0100c8f0   0x00000038   Code   RO         3706    i.jump_table_param_set  fr8010h_stack.lib(jump_table.o)
    0x0100c928   0x000000a0   Code   RO         3707    i.jump_table_set_static_keys  fr8010h_stack.lib(jump_table.o)
    0x0100c9c8   0x00000068   Code   RO         5749    i.l2c_code_conn_param_upd_req_handler  fr8010h_stack.lib(gapc_sig.o)
    0x0100ca30   0x0000003c   Code   RO         7374    i.l2c_code_conn_param_upd_req_handler  fr8010h_stack.lib(l2cc_sig.o)
    0x0100ca6c   0x00000044   Code   RO         5750    i.l2c_code_conn_param_upd_resp_handler  fr8010h_stack.lib(gapc_sig.o)
    0x0100cab0   0x0000003a   Code   RO         7375    i.l2c_code_conn_param_upd_resp_handler  fr8010h_stack.lib(l2cc_sig.o)
    0x0100caea   0x0000003e   Code   RO         7376    i.l2c_code_disconnection_req_handler  fr8010h_stack.lib(l2cc_sig.o)
    0x0100cb28   0x00000052   Code   RO         7377    i.l2c_code_disconnection_resp_handler  fr8010h_stack.lib(l2cc_sig.o)
    0x0100cb7a   0x00000002   PAD
    0x0100cb7c   0x00000168   Code   RO         7378    i.l2c_code_le_cb_conn_req_handler  fr8010h_stack.lib(l2cc_sig.o)
    0x0100cce4   0x000000fe   Code   RO         7379    i.l2c_code_le_cb_conn_resp_handler  fr8010h_stack.lib(l2cc_sig.o)
    0x0100cde2   0x00000002   PAD
    0x0100cde4   0x0000008c   Code   RO         7380    i.l2c_code_le_flow_control_credit_handler  fr8010h_stack.lib(l2cc_sig.o)
    0x0100ce70   0x00000050   Code   RO         5751    i.l2c_code_reject_handler  fr8010h_stack.lib(gapc_sig.o)
    0x0100cec0   0x000000c6   Code   RO         7381    i.l2c_code_reject_handler  fr8010h_stack.lib(l2cc_sig.o)
    0x0100cf86   0x00000002   PAD
    0x0100cf88   0x000000c4   Code   RO         6929    i.l2cc_cleanup      fr8010h_stack.lib(l2cc.o)
    0x0100d04c   0x0000003c   Code   RO         4380    i.l2cc_cmp_evt_handler  fr8010h_stack.lib(gapc_task.o)
    0x0100d088   0x00000046   Code   RO         5336    i.l2cc_cmp_evt_handler  fr8010h_stack.lib(gattc_task.o)
    0x0100d0ce   0x00000002   PAD
    0x0100d0d0   0x00000054   Code   RO         6930    i.l2cc_create       fr8010h_stack.lib(l2cc.o)
    0x0100d124   0x00000238   Code   RO         6931    i.l2cc_data_send    fr8010h_stack.lib(l2cc.o)
    0x0100d35c   0x0000003e   Code   RO         7025    i.l2cc_dbg_pdu_send_cmd_handler  fr8010h_stack.lib(l2cc_task.o)
    0x0100d39a   0x00000004   Code   RO         7026    i.l2cc_default_msg_handler  fr8010h_stack.lib(l2cc_task.o)
    0x0100d39e   0x00000002   PAD
    0x0100d3a0   0x00000018   Code   RO         6932    i.l2cc_get_operation  fr8010h_stack.lib(l2cc.o)
    0x0100d3b8   0x00000010   Code   RO         6933    i.l2cc_get_operation_ptr  fr8010h_stack.lib(l2cc.o)
    0x0100d3c8   0x00000050   Code   RO         6934    i.l2cc_init         fr8010h_stack.lib(l2cc.o)
    0x0100d418   0x00000084   Code   RO         7027    i.l2cc_lecb_add_cmd_handler  fr8010h_stack.lib(l2cc_task.o)
    0x0100d49c   0x00000128   Code   RO         7028    i.l2cc_lecb_connect_cfm_handler  fr8010h_stack.lib(l2cc_task.o)
    0x0100d5c4   0x00000128   Code   RO         7029    i.l2cc_lecb_connect_cmd_handler  fr8010h_stack.lib(l2cc_task.o)
    0x0100d6ec   0x00000088   Code   RO         7030    i.l2cc_lecb_disconnect_cmd_handler  fr8010h_stack.lib(l2cc_task.o)
    0x0100d774   0x00000040   Code   RO         7245    i.l2cc_lecb_find    fr8010h_stack.lib(l2cc_lecb.o)
    0x0100d7b4   0x000000a0   Code   RO         7246    i.l2cc_lecb_free    fr8010h_stack.lib(l2cc_lecb.o)
    0x0100d854   0x00000038   Code   RO         7247    i.l2cc_lecb_h2l_err  fr8010h_stack.lib(l2cc_lecb.o)
    0x0100d88c   0x00000032   Code   RO         7248    i.l2cc_lecb_init_disconnect  fr8010h_stack.lib(l2cc_lecb.o)
    0x0100d8be   0x00000002   PAD
    0x0100d8c0   0x00000064   Code   RO         7315    i.l2cc_lecb_pdu_pack  fr8010h_stack.lib(l2cc_pdu.o)
    0x0100d924   0x00000080   Code   RO         7316    i.l2cc_lecb_pdu_unpack  fr8010h_stack.lib(l2cc_pdu.o)
    0x0100d9a4   0x0000009c   Code   RO         7031    i.l2cc_lecb_sdu_send_cmd_handler  fr8010h_stack.lib(l2cc_task.o)
    0x0100da40   0x0000004c   Code   RO         7249    i.l2cc_lecb_send_con_req  fr8010h_stack.lib(l2cc_lecb.o)
    0x0100da8c   0x0000003a   Code   RO         7250    i.l2cc_lecb_send_con_rsp  fr8010h_stack.lib(l2cc_lecb.o)
    0x0100dac6   0x00000028   Code   RO         7251    i.l2cc_lecb_send_credit_add  fr8010h_stack.lib(l2cc_lecb.o)
    0x0100daee   0x00000038   Code   RO         7252    i.l2cc_lecb_send_disc_req  fr8010h_stack.lib(l2cc_lecb.o)
    0x0100db26   0x00000028   Code   RO         7253    i.l2cc_lecb_send_disc_rsp  fr8010h_stack.lib(l2cc_lecb.o)
    0x0100db4e   0x00000002   PAD
    0x0100db50   0x00000054   Code   RO         6935    i.l2cc_op_complete  fr8010h_stack.lib(l2cc.o)
    0x0100dba4   0x0000002c   Code   RO         7032    i.l2cc_pdu_alloc    fr8010h_stack.lib(l2cc_task.o)
    0x0100dbd0   0x00000264   Code   RO         7317    i.l2cc_pdu_header_check  fr8010h_stack.lib(l2cc_pdu.o)
    0x0100de34   0x00000294   Code   RO         7318    i.l2cc_pdu_pack     fr8010h_stack.lib(l2cc_pdu.o)
    0x0100e0c8   0x00000068   Code   RO         4381    i.l2cc_pdu_recv_ind_handler  fr8010h_stack.lib(gapc_task.o)
    0x0100e130   0x00000072   Code   RO         5337    i.l2cc_pdu_recv_ind_handler  fr8010h_stack.lib(gattc_task.o)
    0x0100e1a2   0x00000062   Code   RO         7033    i.l2cc_pdu_recv_ind_handler  fr8010h_stack.lib(l2cc_task.o)
    0x0100e204   0x000000b8   Code   RO         7319    i.l2cc_pdu_rx_init  fr8010h_stack.lib(l2cc_pdu.o)
    0x0100e2bc   0x00000006   Code   RO         7034    i.l2cc_pdu_send     fr8010h_stack.lib(l2cc_task.o)
    0x0100e2c2   0x00000002   PAD
    0x0100e2c4   0x00000060   Code   RO         7035    i.l2cc_pdu_send_cmd_handler  fr8010h_stack.lib(l2cc_task.o)
    0x0100e324   0x00000298   Code   RO         7320    i.l2cc_pdu_unpack   fr8010h_stack.lib(l2cc_pdu.o)
    0x0100e5bc   0x00000090   Code   RO         7036    i.l2cc_process_op   fr8010h_stack.lib(l2cc_task.o)
    0x0100e64c   0x00000030   Code   RO         6936    i.l2cc_send_cmp_evt  fr8010h_stack.lib(l2cc.o)
    0x0100e67c   0x00000010   Code   RO         6937    i.l2cc_set_operation_ptr  fr8010h_stack.lib(l2cc.o)
    0x0100e68c   0x0000004c   Code   RO         7382    i.l2cc_sig_pdu_recv_handler  fr8010h_stack.lib(l2cc_sig.o)
    0x0100e6d8   0x0000005c   Code   RO         7383    i.l2cc_sig_send_cmd_reject  fr8010h_stack.lib(l2cc_sig.o)
    0x0100e734   0x00000048   Code   RO         7037    i.l2cc_signaling_trans_to_ind_handler  fr8010h_stack.lib(l2cc_task.o)
    0x0100e77c   0x00000028   Code   RO         6938    i.l2cc_update_state  fr8010h_stack.lib(l2cc.o)
    0x0100e7a4   0x00000016   Code   RO         5487    i.l2cm_cleanup      fr8010h_stack.lib(l2cm.o)
    0x0100e7ba   0x00000004   Code   RO         5488    i.l2cm_create       fr8010h_stack.lib(l2cm.o)
    0x0100e7be   0x00000002   PAD
    0x0100e7c0   0x0000000c   Code   RO         5489    i.l2cm_get_nb_buffer_available  fr8010h_stack.lib(l2cm.o)
    0x0100e7cc   0x00000030   Code   RO         5490    i.l2cm_init         fr8010h_stack.lib(l2cm.o)
    0x0100e7fc   0x00000060   Code   RO         5491    i.l2cm_l2cap_tx_handler  fr8010h_stack.lib(l2cm.o)
    0x0100e85c   0x00000010   Code   RO         5492    i.l2cm_set_link_layer_buff_size  fr8010h_stack.lib(l2cm.o)
    0x0100e86c   0x0000002c   Code   RO         5493    i.l2cm_tx_status    fr8010h_stack.lib(l2cm.o)
    0x0100e898   0x0000004c   Code   RO         3836    i.mesh_set_runtime  fr8010h_stack.lib(mesh_api.o)
    0x0100e8e4   0x00000030   Code   RO         2087    i.os_default_task_func  fr8010h_stack.lib(os_task.o)
    0x0100e914   0x00000020   Code   RO         2089    i.os_get_free_task_type  fr8010h_stack.lib(os_task.o)
    0x0100e934   0x00000060   Code   RO         2055    i.os_msg_post       fr8010h_stack.lib(os_msg_q.o)
    0x0100e994   0x00000006   Code   RO         2090    i.os_task_create    fr8010h_stack.lib(os_task.o)
    0x0100e99a   0x00000002   PAD
    0x0100e99c   0x00000078   Code   RO         2091    i.os_task_create_x  fr8010h_stack.lib(os_task.o)
    0x0100ea14   0x0000007c   Code   RO         2189    i.os_timer_start    fr8010h_stack.lib(os_timer.o)
    0x0100ea90   0x0000007c   Code   RO         2190    i.os_timer_stop     fr8010h_stack.lib(os_timer.o)
    0x0100eb0c   0x00000018   Code   RO         3786    i.os_zalloc         fr8010h_stack.lib(os_mem.o)
    0x0100eb24   0x00000024   Code   RO          452    i.pmu_clear_isr_state  driver_pmu.o
    0x0100eb48   0x0000007c   Code   RO          456    i.pmu_enable_irq    driver_pmu.o
    0x0100ebc4   0x00000018   Code   RO          600    i.pmu_qdec_get_cnt  driver_pmu_qdec.o
    0x0100ebdc   0x00000032   Code   RO          467    i.pmu_set_sys_power_mode  driver_pmu.o
    0x0100ec0e   0x00000302   Code   RO          468    i.pmu_sub_init      driver_pmu.o
    0x0100ef10   0x000000c0   Code   RO         3521    i.prf_add_profile   fr8010h_stack.lib(prf.o)
    0x0100efd0   0x00000054   Code   RO         3522    i.prf_cleanup       fr8010h_stack.lib(prf.o)
    0x0100f024   0x00000054   Code   RO         3523    i.prf_create        fr8010h_stack.lib(prf.o)
    0x0100f078   0x0000019e   Code   RO         3592    i.prf_extract_svc_info_uuid_128  fr8010h_stack.lib(prf_utils.o)
    0x0100f216   0x00000002   PAD
    0x0100f218   0x0000004c   Code   RO         3527    i.prf_get_task_from_id  fr8010h_stack.lib(prf.o)
    0x0100f264   0x000000fc   Code   RO         3528    i.prf_init          fr8010h_stack.lib(prf.o)
    0x0100f360   0x00000028   Code   RO         2457    i.prf_itf_get_imp   fr8010h_stack.lib(app_prf.o)
    0x0100f388   0x00000002   Code   RO         1843    i.rf_force_agc_enable  fr8010h_stack.lib(patch_rf.o)
    0x0100f38a   0x0000001e   Code   RO         3681    i.rwble_hl_init_imp  fr8010h_stack.lib(rwble_hl.o)
    0x0100f3a8   0x0000001e   Code   RO         3682    i.rwble_hl_reset    fr8010h_stack.lib(rwble_hl.o)
    0x0100f3c6   0x00000002   PAD
    0x0100f3c8   0x000000b4   Code   RO          161    i.simple_peripheral_init  ble_simple_peripheral.o
    0x0100f47c   0x00000024   Code   RO         6561    i.smpc_ShiftLeft1Bit16ByteNum  fr8010h_stack.lib(smpc_crypto.o)
    0x0100f4a0   0x00000016   Code   RO         6562    i.smpc_XOR_16_Byte_Array  fr8010h_stack.lib(smpc_crypto.o)
    0x0100f4b6   0x00000002   PAD
    0x0100f4b8   0x00000048   Code   RO         6563    i.smpc_aes_cmac_complete  fr8010h_stack.lib(smpc_crypto.o)
    0x0100f500   0x00000150   Code   RO         6564    i.smpc_aes_cmac_continue  fr8010h_stack.lib(smpc_crypto.o)
    0x0100f650   0x0000004c   Code   RO         6565    i.smpc_aes_cmac_init  fr8010h_stack.lib(smpc_crypto.o)
    0x0100f69c   0x00000550   Code   RO         6434    i.smpc_calc_confirm_cont  fr8010h_stack.lib(smpc_api.o)
    0x0100fbec   0x00000084   Code   RO         4756    i.smpc_calc_subkeys  fr8010h_stack.lib(smpc.o)
    0x0100fc70   0x00000080   Code   RO         4757    i.smpc_check_key_distrib  fr8010h_stack.lib(smpc.o)
    0x0100fcf0   0x0000002c   Code   RO         4758    i.smpc_check_max_key_size  fr8010h_stack.lib(smpc.o)
    0x0100fd1c   0x00000024   Code   RO         4759    i.smpc_check_pairing_feat  fr8010h_stack.lib(smpc.o)
    0x0100fd40   0x00000082   Code   RO         6650    i.smpc_check_param  fr8010h_stack.lib(smpc_util.o)
    0x0100fdc2   0x00000002   PAD
    0x0100fdc4   0x00000064   Code   RO         4760    i.smpc_check_repeated_attempts  fr8010h_stack.lib(smpc.o)
    0x0100fe28   0x00000034   Code   RO         4761    i.smpc_clear_timeout_timer  fr8010h_stack.lib(smpc.o)
    0x0100fe5c   0x00000248   Code   RO         6435    i.smpc_confirm_gen_rand  fr8010h_stack.lib(smpc_api.o)
    0x010100a4   0x0000001e   Code   RO         6651    i.smpc_construcpublic_key_t_pdu  fr8010h_stack.lib(smpc_util.o)
    0x010100c2   0x00000008   Code   RO         6652    i.smpc_construct_dhkey_check_pdu  fr8010h_stack.lib(smpc_util.o)
    0x010100ca   0x00000008   Code   RO         6653    i.smpc_construct_enc_info_pdu  fr8010h_stack.lib(smpc_util.o)
    0x010100d2   0x0000001e   Code   RO         6654    i.smpc_construct_id_addr_info_pdu  fr8010h_stack.lib(smpc_util.o)
    0x010100f0   0x00000008   Code   RO         6655    i.smpc_construct_id_info_pdu  fr8010h_stack.lib(smpc_util.o)
    0x010100f8   0x00000006   Code   RO         6656    i.smpc_construct_keypress_notification_pdu  fr8010h_stack.lib(smpc_util.o)
    0x010100fe   0x00000012   Code   RO         6657    i.smpc_construct_mst_id_pdu  fr8010h_stack.lib(smpc_util.o)
    0x01010110   0x00000008   Code   RO         6658    i.smpc_construct_pair_cfm_pdu  fr8010h_stack.lib(smpc_util.o)
    0x01010118   0x00000006   Code   RO         6659    i.smpc_construct_pair_fail_pdu  fr8010h_stack.lib(smpc_util.o)
    0x0101011e   0x00000008   Code   RO         6660    i.smpc_construct_pair_rand_pdu  fr8010h_stack.lib(smpc_util.o)
    0x01010126   0x0000000c   Code   RO         6661    i.smpc_construct_pair_req_pdu  fr8010h_stack.lib(smpc_util.o)
    0x01010132   0x0000000c   Code   RO         6662    i.smpc_construct_pair_rsp_pdu  fr8010h_stack.lib(smpc_util.o)
    0x0101013e   0x00000006   Code   RO         6663    i.smpc_construct_sec_req_pdu  fr8010h_stack.lib(smpc_util.o)
    0x01010144   0x00000008   Code   RO         6664    i.smpc_construct_sign_info_pdu  fr8010h_stack.lib(smpc_util.o)
    0x0101014c   0x00000038   Code   RO         6436    i.smpc_encrypt_cfm  fr8010h_stack.lib(smpc_api.o)
    0x01010184   0x00000026   Code   RO         6437    i.smpc_encrypt_start  fr8010h_stack.lib(smpc_api.o)
    0x010101aa   0x00000038   Code   RO         6438    i.smpc_encrypt_start_handler  fr8010h_stack.lib(smpc_api.o)
    0x010101e2   0x00000002   PAD
    0x010101e4   0x0000005c   Code   RO         6566    i.smpc_f4_Init      fr8010h_stack.lib(smpc_crypto.o)
    0x01010240   0x00000038   Code   RO         6567    i.smpc_f4_complete  fr8010h_stack.lib(smpc_crypto.o)
    0x01010278   0x00000038   Code   RO         6568    i.smpc_f5_complete  fr8010h_stack.lib(smpc_crypto.o)
    0x010102b0   0x000000b0   Code   RO         6569    i.smpc_f5_init      fr8010h_stack.lib(smpc_crypto.o)
    0x01010360   0x00000038   Code   RO         6570    i.smpc_f6_complete  fr8010h_stack.lib(smpc_crypto.o)
    0x01010398   0x0000009c   Code   RO         6571    i.smpc_f6_init      fr8010h_stack.lib(smpc_crypto.o)
    0x01010434   0x00000038   Code   RO         6572    i.smpc_g2_complete  fr8010h_stack.lib(smpc_crypto.o)
    0x0101046c   0x00000068   Code   RO         6573    i.smpc_g2_init      fr8010h_stack.lib(smpc_crypto.o)
    0x010104d4   0x00000080   Code   RO         4762    i.smpc_generate_cfm  fr8010h_stack.lib(smpc.o)
    0x01010554   0x00000074   Code   RO         4763    i.smpc_generate_ci  fr8010h_stack.lib(smpc.o)
    0x010105c8   0x000000b8   Code   RO         4764    i.smpc_generate_e1  fr8010h_stack.lib(smpc.o)
    0x01010680   0x00000058   Code   RO         4765    i.smpc_generate_l   fr8010h_stack.lib(smpc.o)
    0x010106d8   0x00000030   Code   RO         4766    i.smpc_generate_rand  fr8010h_stack.lib(smpc.o)
    0x01010708   0x00000050   Code   RO         4767    i.smpc_generate_stk  fr8010h_stack.lib(smpc.o)
    0x01010758   0x00000108   Code   RO         4768    i.smpc_get_key_sec_prop  fr8010h_stack.lib(smpc.o)
    0x01010860   0x00000030   Code   RO         4769    i.smpc_get_next_passkey_bit  fr8010h_stack.lib(smpc.o)
    0x01010890   0x00000040   Code   RO         4770    i.smpc_handle_dh_key_check_complete  fr8010h_stack.lib(smpc.o)
    0x010108d0   0x00000138   Code   RO         4771    i.smpc_handle_enc_change_evt  fr8010h_stack.lib(smpc.o)
    0x01010a08   0x000000a8   Code   RO         4772    i.smpc_init_mac_key_calculation  fr8010h_stack.lib(smpc.o)
    0x01010ab0   0x000000d4   Code   RO         4773    i.smpc_initiate_dhkey_check  fr8010h_stack.lib(smpc.o)
    0x01010b84   0x000000d4   Code   RO         4774    i.smpc_initiate_dhkey_verification  fr8010h_stack.lib(smpc.o)
    0x01010c58   0x0000002c   Code   RO         4775    i.smpc_is_sec_mode_reached  fr8010h_stack.lib(smpc.o)
    0x01010c84   0x00000026   Code   RO         6439    i.smpc_key_press_notification_ind  fr8010h_stack.lib(smpc_api.o)
    0x01010caa   0x00000002   PAD
    0x01010cac   0x0000004c   Code   RO         4776    i.smpc_launch_rep_att_timer  fr8010h_stack.lib(smpc.o)
    0x01010cf8   0x0000004c   Code   RO         6440    i.smpc_pairing_csrk_exch  fr8010h_stack.lib(smpc_api.o)
    0x01010d44   0x00000060   Code   RO         4777    i.smpc_pairing_end  fr8010h_stack.lib(smpc.o)
    0x01010da4   0x00000048   Code   RO         6441    i.smpc_pairing_irk_exch  fr8010h_stack.lib(smpc_api.o)
    0x01010dec   0x0000006c   Code   RO         6442    i.smpc_pairing_ltk_exch  fr8010h_stack.lib(smpc_api.o)
    0x01010e58   0x00000058   Code   RO         6443    i.smpc_pairing_nc_exch  fr8010h_stack.lib(smpc_api.o)
    0x01010eb0   0x000000c8   Code   RO         6444    i.smpc_pairing_oob_exch  fr8010h_stack.lib(smpc_api.o)
    0x01010f78   0x00000040   Code   RO         6445    i.smpc_pairing_req_handler  fr8010h_stack.lib(smpc_api.o)
    0x01010fb8   0x00000138   Code   RO         6446    i.smpc_pairing_rsp  fr8010h_stack.lib(smpc_api.o)
    0x010110f0   0x000000ac   Code   RO         6447    i.smpc_pairing_start  fr8010h_stack.lib(smpc_api.o)
    0x0101119c   0x000000f8   Code   RO         6448    i.smpc_pairing_tk_exch  fr8010h_stack.lib(smpc_api.o)
    0x01011294   0x00000058   Code   RO         4778    i.smpc_pdu_recv     fr8010h_stack.lib(smpc.o)
    0x010112ec   0x00000090   Code   RO         4779    i.smpc_pdu_send     fr8010h_stack.lib(smpc.o)
    0x0101137c   0x0000003c   Code   RO         6574    i.smpc_process_aes_cmac  fr8010h_stack.lib(smpc_crypto.o)
    0x010113b8   0x00000068   Code   RO         6665    i.smpc_recv_dhkey_check_pdu  fr8010h_stack.lib(smpc_util.o)
    0x01011420   0x00000034   Code   RO         6666    i.smpc_recv_enc_info_pdu  fr8010h_stack.lib(smpc_util.o)
    0x01011454   0x00000050   Code   RO         6667    i.smpc_recv_id_addr_info_pdu  fr8010h_stack.lib(smpc_util.o)
    0x010114a4   0x00000034   Code   RO         6668    i.smpc_recv_id_info_pdu  fr8010h_stack.lib(smpc_util.o)
    0x010114d8   0x0000004c   Code   RO         6669    i.smpc_recv_keypress_notification_pdu  fr8010h_stack.lib(smpc_util.o)
    0x01011524   0x00000058   Code   RO         6670    i.smpc_recv_mst_id_pdu  fr8010h_stack.lib(smpc_util.o)
    0x0101157c   0x000000f4   Code   RO         6671    i.smpc_recv_pair_cfm_pdu  fr8010h_stack.lib(smpc_util.o)
    0x01011670   0x00000040   Code   RO         6672    i.smpc_recv_pair_fail_pdu  fr8010h_stack.lib(smpc_util.o)
    0x010116b0   0x000001f4   Code   RO         6673    i.smpc_recv_pair_rand_pdu  fr8010h_stack.lib(smpc_util.o)
    0x010118a4   0x000000a8   Code   RO         6674    i.smpc_recv_pair_req_pdu  fr8010h_stack.lib(smpc_util.o)
    0x0101194c   0x00000128   Code   RO         6675    i.smpc_recv_pair_rsp_pdu  fr8010h_stack.lib(smpc_util.o)
    0x01011a74   0x000000bc   Code   RO         6676    i.smpc_recv_public_key_pdu  fr8010h_stack.lib(smpc_util.o)
    0x01011b30   0x00000080   Code   RO         6677    i.smpc_recv_sec_req_pdu  fr8010h_stack.lib(smpc_util.o)
    0x01011bb0   0x00000034   Code   RO         6678    i.smpc_recv_sign_info_pdu  fr8010h_stack.lib(smpc_util.o)
    0x01011be4   0x00000010   Code   RO         4780    i.smpc_secure_connections_enabled  fr8010h_stack.lib(smpc.o)
    0x01011bf4   0x00000054   Code   RO         6449    i.smpc_security_req_send  fr8010h_stack.lib(smpc_api.o)
    0x01011c48   0x0000003e   Code   RO         4781    i.smpc_send_gen_dh_key_cmd  fr8010h_stack.lib(smpc.o)
    0x01011c86   0x00000002   PAD
    0x01011c88   0x00000078   Code   RO         4782    i.smpc_send_ltk_req_rsp  fr8010h_stack.lib(smpc.o)
    0x01011d00   0x000000b0   Code   RO         4783    i.smpc_send_pairing_ind  fr8010h_stack.lib(smpc.o)
    0x01011db0   0x00000100   Code   RO         4784    i.smpc_send_pairing_req_ind  fr8010h_stack.lib(smpc.o)
    0x01011eb0   0x00000088   Code   RO         4785    i.smpc_send_start_enc_cmd  fr8010h_stack.lib(smpc.o)
    0x01011f38   0x0000003e   Code   RO         4786    i.smpc_send_use_enc_block_cmd  fr8010h_stack.lib(smpc.o)
    0x01011f76   0x00000002   PAD
    0x01011f78   0x000000e8   Code   RO         6450    i.smpc_sign_command  fr8010h_stack.lib(smpc_api.o)
    0x01012060   0x000001d8   Code   RO         6451    i.smpc_sign_cont    fr8010h_stack.lib(smpc_api.o)
    0x01012238   0x000000c4   Code   RO         4787    i.smpc_tkdp_rcp_continue  fr8010h_stack.lib(smpc.o)
    0x010122fc   0x00000030   Code   RO         4788    i.smpc_tkdp_rcp_start  fr8010h_stack.lib(smpc.o)
    0x0101232c   0x000000e4   Code   RO         4789    i.smpc_tkdp_send_continue  fr8010h_stack.lib(smpc.o)
    0x01012410   0x00000030   Code   RO         4790    i.smpc_tkdp_send_start  fr8010h_stack.lib(smpc.o)
    0x01012440   0x00000016   Code   RO         4791    i.smpc_xor          fr8010h_stack.lib(smpc.o)
    0x01012456   0x00000002   PAD
    0x01012458   0x0000002c   Code   RO          343    i.sp_gatt_add_service  simple_gatt_service.o
    0x01012484   0x0000002a   Code   RO          344    i.sp_gatt_msg_handler  simple_gatt_service.o
    0x010124ae   0x00000002   PAD
    0x010124b0   0x000000dc   Code   RO          345    i.sp_gatt_read_cb   simple_gatt_service.o
    0x0101258c   0x000000ec   Code   RO          346    i.sp_gatt_write_cb  simple_gatt_service.o
    0x01012678   0x0000006c   Code   RO          162    i.sp_start_adv      ble_simple_peripheral.o
    0x010126e4   0x00000008   Code   RO         1955    i.system_sleep_disable  fr8010h_stack.lib(sys_utils.o)
    0x010126ec   0x0000000c   Code   RO          911    i.timer_clear_interrupt  driver_timer.o
    0x010126f8   0x00000034   Code   RO            4    i.user_custom_parameters  proj_main.o
    0x0101272c   0x00000028   Code   RO            5    i.user_entry_after_ble_init  proj_main.o
    0x01012754   0x0000008c   Code   RO            6    i.user_entry_before_ble_init  proj_main.o
    0x010127e0   0x00000026   Code   RO         1700    i.user_init_static_memory  fr8010h_stack.lib(entry.o)
    0x01012806   0x00000002   PAD
    0x01012808   0x00000048   Code   RO          202    i.user_task_func    user_task.o
    0x01012850   0x00000018   Code   RO          203    i.user_task_init    user_task.o
    0x01012868   0x0000000c   Data   RO          163    .constdata          ble_simple_peripheral.o
    0x01012874   0x00000044   Data   RO          204    .constdata          user_task.o
    0x010128b8   0x00000002   Data   RO          349    .constdata          simple_gatt_service.o
    0x010128ba   0x00000011   Data   RO          350    .constdata          simple_gatt_service.o
    0x010128cb   0x00000011   Data   RO          351    .constdata          simple_gatt_service.o
    0x010128dc   0x00000011   Data   RO          352    .constdata          simple_gatt_service.o
    0x010128ed   0x00000011   Data   RO          353    .constdata          simple_gatt_service.o
    0x010128fe   0x00000011   Data   RO          354    .constdata          simple_gatt_service.o
    0x0101290f   0x00000001   PAD
    0x01012910   0x000001dc   Data   RO          355    .constdata          simple_gatt_service.o
    0x01012aec   0x00000080   Data   RO         1034    .constdata          patch.o
    0x01012b6c   0x00000004   Data   RO         2271    .constdata          fr8010h_stack.lib(app.o)
    0x01012b70   0x00000030   Data   RO         2628    .constdata          fr8010h_stack.lib(app_sec.o)
    0x01012ba0   0x00000008   Data   RO         2629    .constdata          fr8010h_stack.lib(app_sec.o)
    0x01012ba8   0x00000058   Data   RO         3000    .constdata          fr8010h_stack.lib(gapm.o)
    0x01012c00   0x00000024   Data   RO         3474    .constdata          fr8010h_stack.lib(gattm.o)
    0x01012c24   0x00000090   Data   RO         4054    .constdata          fr8010h_stack.lib(app_task.o)
    0x01012cb4   0x0000000c   Data   RO         4055    .constdata          fr8010h_stack.lib(app_task.o)
    0x01012cc0   0x00000130   Data   RO         4383    .constdata          fr8010h_stack.lib(gapc_task.o)
    0x01012df0   0x0000000c   Data   RO         4384    .constdata          fr8010h_stack.lib(gapc_task.o)
    0x01012dfc   0x00000200   Data   RO         4725    .constdata          fr8010h_stack.lib(gapm_task.o)
    0x01012ffc   0x00000110   Data   RO         4726    .constdata          fr8010h_stack.lib(gapm_task.o)
    0x0101310c   0x0000000c   Data   RO         4727    .constdata          fr8010h_stack.lib(gapm_task.o)
    0x01013118   0x00000019   Data   RO         4792    .constdata          fr8010h_stack.lib(smpc.o)
    0x01013131   0x00000003   PAD
    0x01013134   0x0000008c   Data   RO         5118    .constdata          fr8010h_stack.lib(atts.o)
    0x010131c0   0x000000e0   Data   RO         5339    .constdata          fr8010h_stack.lib(gattc_task.o)
    0x010132a0   0x0000000c   Data   RO         5340    .constdata          fr8010h_stack.lib(gattc_task.o)
    0x010132ac   0x00000008   Data   RO         5472    .constdata          fr8010h_stack.lib(gattm_task.o)
    0x010132b4   0x0000000c   Data   RO         5473    .constdata          fr8010h_stack.lib(gattm_task.o)
    0x010132c0   0x000000d8   Data   RO         5643    .constdata          fr8010h_stack.lib(gapc_hci.o)
    0x01013398   0x00000018   Data   RO         5752    .constdata          fr8010h_stack.lib(gapc_sig.o)
    0x010133b0   0x0000003c   Data   RO         6679    .constdata          fr8010h_stack.lib(smpc_util.o)
    0x010133ec   0x0000003c   Data   RO         6680    .constdata          fr8010h_stack.lib(smpc_util.o)
    0x01013428   0x00000070   Data   RO         6837    .constdata          fr8010h_stack.lib(attc.o)
    0x01013498   0x00000060   Data   RO         7039    .constdata          fr8010h_stack.lib(l2cc_task.o)
    0x010134f8   0x0000000c   Data   RO         7040    .constdata          fr8010h_stack.lib(l2cc_task.o)
    0x01013504   0x00000114   Data   RO         7321    .constdata          fr8010h_stack.lib(l2cc_pdu.o)
    0x01013618   0x00000040   Data   RO         7384    .constdata          fr8010h_stack.lib(l2cc_sig.o)
    0x01013658   0x000001a5   Data   RO          205    .conststring        user_task.o
    0x010137fd   0x00000003   PAD
    0x01013800   0x00000096   Data   RO         3841    .conststring        fr8010h_stack.lib(mesh_api.o)
    0x01013896   0x00000002   PAD
    0x01013898   0x0000006d   Data   RO         7322    .conststring        fr8010h_stack.lib(l2cc_pdu.o)


    Execution Region ER_BOOT (Base: 0x20000000, Size: 0x00000080, Max: 0xffffffff, ABSOLUTE)

    Base Addr    Size         Type   Attr      Idx    E Section Name        Object

    0x20000000   0x00000080   Data   RO         1021    RESET               app_boot_vectors.o


    Execution Region USER_RE_RAM_FRONT (Base: 0x20000b60, Size: 0x00000000, Max: 0xffffffff, ABSOLUTE)

    **** No section assigned to this execution region ****


    Execution Region USER_RE_RAM (Base: 0x20000b60, Size: 0x00000cf8, Max: 0xffffffff, ABSOLUTE)

    Base Addr    Size         Type   Attr      Idx    E Section Name        Object

    0x20000b60   0x0000000a   Ven    RO        12370    Veneer$$Code        anon$$obj.o
    0x20000b6a   0x0000000a   Ven    RO        12371    Veneer$$Code        anon$$obj.o
    0x20000b74   0x0000000a   Ven    RO        12372    Veneer$$Code        anon$$obj.o
    0x20000b7e   0x0000000a   Ven    RO        12373    Veneer$$Code        anon$$obj.o
    0x20000b88   0x0000000a   Ven    RO        12374    Veneer$$Code        anon$$obj.o
    0x20000b92   0x0000000a   Ven    RO        12375    Veneer$$Code        anon$$obj.o
    0x20000b9c   0x0000000a   Ven    RO        12376    Veneer$$Code        anon$$obj.o
    0x20000ba6   0x0000000a   Ven    RO        12377    Veneer$$Code        anon$$obj.o
    0x20000bb0   0x0000000a   Ven    RO        12378    Veneer$$Code        anon$$obj.o
    0x20000bba   0x0000000a   Ven    RO        12379    Veneer$$Code        anon$$obj.o
    0x20000bc4   0x0000000a   Ven    RO        12380    Veneer$$Code        anon$$obj.o
    0x20000bce   0x0000000a   Ven    RO        12381    Veneer$$Code        anon$$obj.o
    0x20000bd8   0x0000000a   Ven    RO        12382    Veneer$$Code        anon$$obj.o
    0x20000be2   0x0000000a   Ven    RO        12383    Veneer$$Code        anon$$obj.o
    0x20000bec   0x0000000a   Ven    RO        12384    Veneer$$Code        anon$$obj.o
    0x20000bf6   0x0000000a   Ven    RO        12385    Veneer$$Code        anon$$obj.o
    0x20000c00   0x0000000a   Ven    RO        12386    Veneer$$Code        anon$$obj.o
    0x20000c0a   0x0000000a   Ven    RO        12387    Veneer$$Code        anon$$obj.o
    0x20000c14   0x0000000a   Ven    RO        12388    Veneer$$Code        anon$$obj.o
    0x20000c1e   0x0000000a   Ven    RO        12389    Veneer$$Code        anon$$obj.o
    0x20000c28   0x0000000a   Ven    RO        12390    Veneer$$Code        anon$$obj.o
    0x20000c32   0x0000000a   Ven    RO        12391    Veneer$$Code        anon$$obj.o
    0x20000c3c   0x0000000a   Ven    RO        12392    Veneer$$Code        anon$$obj.o
    0x20000c46   0x0000000a   Ven    RO        12393    Veneer$$Code        anon$$obj.o
    0x20000c50   0x0000000a   Ven    RO        12394    Veneer$$Code        anon$$obj.o
    0x20000c5a   0x0000000a   Ven    RO        12395    Veneer$$Code        anon$$obj.o
    0x20000c64   0x0000000a   Ven    RO        12396    Veneer$$Code        anon$$obj.o
    0x20000c6e   0x0000000a   Ven    RO        12397    Veneer$$Code        anon$$obj.o
    0x20000c78   0x0000000a   Ven    RO        12398    Veneer$$Code        anon$$obj.o
    0x20000c82   0x0000000a   Ven    RO        12399    Veneer$$Code        anon$$obj.o
    0x20000c8c   0x0000000a   Ven    RO        12400    Veneer$$Code        anon$$obj.o
    0x20000c96   0x0000000a   Ven    RO        12401    Veneer$$Code        anon$$obj.o
    0x20000ca0   0x0000000a   Ven    RO        12402    Veneer$$Code        anon$$obj.o
    0x20000caa   0x0000000a   Ven    RO        12403    Veneer$$Code        anon$$obj.o
    0x20000cb4   0x0000000a   Ven    RO        12404    Veneer$$Code        anon$$obj.o
    0x20000cbe   0x0000000a   Ven    RO        12405    Veneer$$Code        anon$$obj.o
    0x20000cc8   0x0000000a   Ven    RO        12406    Veneer$$Code        anon$$obj.o
    0x20000cd2   0x0000000a   Ven    RO        12407    Veneer$$Code        anon$$obj.o
    0x20000cdc   0x0000000a   Ven    RO        12408    Veneer$$Code        anon$$obj.o
    0x20000ce6   0x0000000a   Ven    RO        12409    Veneer$$Code        anon$$obj.o
    0x20000cf0   0x0000000a   Ven    RO        12410    Veneer$$Code        anon$$obj.o
    0x20000cfa   0x0000000a   Ven    RO        12411    Veneer$$Code        anon$$obj.o
    0x20000d04   0x000000a0   Code   RO            7    ram_code            proj_main.o
    0x20000da4   0x000001e0   Code   RO          469    ram_code            driver_pmu.o
    0x20000f84   0x00000020   Code   RO          571    ram_code            driver_keyscan.o
    0x20000fa4   0x00000028   Code   RO          606    ram_code            driver_pmu_qdec.o
    0x20000fcc   0x00000002   Code   RO          662    ram_code            driver_rtc.o
    0x20000fce   0x00000002   PAD
    0x20000fd0   0x00000054   Code   RO          701    ram_code            driver_uart.o
    0x20001024   0x000000fc   Code   RO          727    ram_code            driver_wdt.o
    0x20001120   0x00000030   Code   RO          775    ram_code            driver_i2s.o
    0x20001150   0x00000020   Code   RO          847    ram_code            driver_exti.o
    0x20001170   0x00000034   Code   RO          918    ram_code            driver_timer.o
    0x200011a4   0x0000004c   Code   RO         1023    ram_code            app_boot_vectors.o
    0x200011f0   0x00000184   Code   RO         1033    ram_code            patch.o
    0x20001374   0x00000178   Code   RO         1701    ram_code            fr8010h_stack.lib(entry.o)
    0x200014ec   0x00000018   Code   RO         1840    ram_code            fr8010h_stack.lib(patch_rf.o)
    0x20001504   0x000002e8   Code   RO         1844    ram_code            fr8010h_stack.lib(patch_rf.o)
    0x200017ec   0x00000006   Code   RO         1944    ram_code            fr8010h_stack.lib(sys_utils.o)
    0x200017f2   0x00000064   Code   RO         1958    ram_code            fr8010h_stack.lib(sys_utils.o)


    Execution Region ER_RW (Base: 0x20001858, Size: 0x00000270, Max: 0xffffffff, ABSOLUTE)

    Base Addr    Size         Type   Attr      Idx    E Section Name        Object

    0x20001858   0x0000001a   Data   RW          164    .data               ble_simple_peripheral.o
    0x20001872   0x00000002   Data   RW          206    .data               user_task.o
    0x20001874   0x00000018   Data   RW          251    .data               button.o
    0x2000188c   0x00000003   Data   RW          356    .data               simple_gatt_service.o
    0x2000188f   0x00000001   PAD
    0x20001890   0x00000004   Data   RW          776    .data               driver_i2s.o
    0x20001894   0x0000002c   PAD
    0x200018c0   0x00000040   Data   RW         1035    .data               patch.o
    0x20001900   0x00000014   Data   RW         1488    .data               fr8010h_stack.lib(gatt_api.o)
    0x20001914   0x0000011c   Data   RW         1845    .data               fr8010h_stack.lib(patch_rf.o)
    0x20001a30   0x0000000c   Data   RW         2191    .data               fr8010h_stack.lib(os_timer.o)
    0x20001a3c   0x00000008   Data   RW         2272    .data               fr8010h_stack.lib(app.o)
    0x20001a44   0x00000008   Data   RW         2476    .data               fr8010h_stack.lib(app_conn.o)
    0x20001a4c   0x00000014   Data   RW         2538    .data               fr8010h_stack.lib(user_bond_manage.o)
    0x20001a60   0x0000000c   Data   RW         2630    .data               fr8010h_stack.lib(app_sec.o)
    0x20001a6c   0x00000008   Data   RW         3530    .data               fr8010h_stack.lib(prf.o)
    0x20001a74   0x0000000c   Data   RW         3710    .data               fr8010h_stack.lib(jump_table.o)
    0x20001a80   0x00000044   Data   RW         3842    .data               fr8010h_stack.lib(mesh_api.o)
    0x20001ac4   0x00000001   Data   RW         4056    .data               fr8010h_stack.lib(app_task.o)
    0x20001ac5   0x00000001   Data   RW         4728    .data               fr8010h_stack.lib(gapm_task.o)
    0x20001ac6   0x00000001   Data   RW         5474    .data               fr8010h_stack.lib(gattm_task.o)


    Execution Region ER_ZI (Base: 0x20001ac8, Size: 0x00000bfc, Max: 0xffffffff, ABSOLUTE)

    Base Addr    Size         Type   Attr      Idx    E Section Name        Object

    0x20001ac8   0x0000003c   Zero   RW          249    .bss                button.o
    0x20001b04   0x0000007c   Zero   RW          347    .bss                simple_gatt_service.o
    0x20001b80   0x000006bc   Zero   RW         1487    .bss                fr8010h_stack.lib(gatt_api.o)
    0x2000223c   0x000000a0   Zero   RW         2270    .bss                fr8010h_stack.lib(app.o)
    0x200022dc   0x00000036   Zero   RW         2627    .bss                fr8010h_stack.lib(app_sec.o)
    0x20002312   0x00000002   PAD
    0x20002314   0x00000050   Zero   RW         2765    .bss                fr8010h_stack.lib(gapc.o)
    0x20002364   0x000000dc   Zero   RW         2999    .bss                fr8010h_stack.lib(gapm.o)
    0x20002440   0x00000050   Zero   RW         3356    .bss                fr8010h_stack.lib(gattc.o)
    0x20002490   0x00000020   Zero   RW         3473    .bss                fr8010h_stack.lib(gattm.o)
    0x200024b0   0x0000017c   Zero   RW         3709    .bss                fr8010h_stack.lib(jump_table.o)
    0x2000262c   0x00000014   Zero   RW         4382    .bss                fr8010h_stack.lib(gapc_task.o)
    0x20002640   0x00000014   Zero   RW         5338    .bss                fr8010h_stack.lib(gattc_task.o)
    0x20002654   0x0000000c   Zero   RW         5494    .bss                fr8010h_stack.lib(l2cm.o)
    0x20002660   0x00000050   Zero   RW         6939    .bss                fr8010h_stack.lib(l2cc.o)
    0x200026b0   0x00000014   Zero   RW         7038    .bss                fr8010h_stack.lib(l2cc_task.o)


    Execution Region HEAP_KE (Base: 0x200026c4, Size: 0x00000004, Max: 0xffffffff, ABSOLUTE)

    Base Addr    Size         Type   Attr      Idx    E Section Name        Object

    0x200026c4   0x00000004   Data   RW         3711    heap_ke             fr8010h_stack.lib(jump_table.o)


==============================================================================

Image component sizes


      Code (inc. data)   RO Data    RW Data    ZI Data      Debug   Object Name

        94         10        128          0          0       1008   app_boot_vectors.o
       788        442         12         26          0       4018   ble_simple_peripheral.o
        32          8          0         24         60       2378   button.o
        88         62          0          0          0        610   core_cm3_isr.o
        44          4          0          0          0       1269   driver_efuse.o
        32         20          0          0          0       2859   driver_exti.o
        48          4          0          4          0       3037   driver_i2s.o
        32          0          0          0          0        610   driver_keyscan.o
      1460        116          0          0          0       5609   driver_pmu.o
        64         10          0          0          0       2202   driver_pmu_qdec.o
         2          0          0          0          0        486   driver_rtc.o
        64         14          0          0          0       2304   driver_timer.o
        84          8          0          0          0       1466   driver_uart.o
       252        158          0          0          0        610   driver_wdt.o
       388         26        128         64          0      28537   patch.o
       392         48         12          0          0      30924   proj_main.o
       542        172        563          3        124       5235   simple_gatt_service.o
        96         38        489          2          0       1928   user_task.o

    ----------------------------------------------------------------------
      5536       1140       1336        168        184      95090   Object Totals
      1030          0          0          0          0          0   (incl. Generated)
         4          0          4         45          0          0   (incl. Padding)

    ----------------------------------------------------------------------

      Code (inc. data)   RO Data    RW Data    ZI Data      Debug   Library Member Name

      1712        160          4          8        160      21739   app.o
       126          6          0          8          0       3603   app_conn.o
        40          4          0          0          0        630   app_prf.o
      1012        108          0          0          0      15481   app_proj_event.o
      1146        220         56         12         54       9776   app_sec.o
      1634        228        156          1          0      14555   app_task.o
      2482         22        112          0          0      17766   attc.o
      1572         60          0          0          0      11678   attm.o
      2020         28          0          0          0      12131   attm_db.o
      4668         76        140          0          0      46982   atts.o
      1098        258          0          0          0       9692   entry.o
       628         78          0          0          0     184263   gap_api.o
      1838        176          0          0         80      35673   gapc.o
      1938         80        216          0          0      18228   gapc_hci.o
       348         12         24          0          0       4591   gapc_sig.o
      3958        112        316          0         20      31654   gapc_task.o
      1152        126         88          0        220      37643   gapm.o
      1326        116          0          0          0      13542   gapm_actv.o
       900         62          0          0          0       9111   gapm_addr.o
      2506        118          0          0          0      19196   gapm_adv.o
      3046        152          0          0          0      26686   gapm_cfg.o
      1044         52          0          0          0       9012   gapm_init.o
       812         20          0          0          0       8847   gapm_list.o
       784         30          0          0          0      15074   gapm_per_sync.o
      1620         52          0          0          0      15730   gapm_scan.o
      1030         54          0          0          0      10014   gapm_smp.o
       126         10        796          1          0       3580   gapm_task.o
      2898        232          0         20       1724      35001   gatt_api.o
       950         66          0          0         80      12118   gattc.o
      3920        152        236          0         20      29962   gattc_task.o
       158         20         36          0         32       4908   gattm.o
         4          0         20          1          0       1482   gattm_task.o
       792         96         80         16        380      34337   jump_table.o
      1156         52          0          0         80      11484   l2cc.o
       600         12          0          0          0      10284   l2cc_lecb.o
      2348         38        385          0          0      12704   l2cc_pdu.o
      1382         26         64          0          0      10775   l2cc_sig.o
      1886         40        108          0         20      18345   l2cc_task.o
       242         34          0          0         12       4863   l2cm.o
        76         22        150         68          0      27069   mesh_api.o
        24          0          0          0          0        544   os_mem.o
        96         42          0          0          0       1202   os_msg_q.o
       242         18          0          0          0       8688   os_task.o
       480        100          0         12          0       5202   os_timer.o
       772         62          0        284          0      12279   patch_rf.o
       688         44          0          8          0       5277   prf.o
       414          0          0          0          0       8168   prf_utils.o
        60          0          0          0          0       1009   rwble_hl.o
      4234        198         25          0          0      28256   smpc.o
      4260        114          0          0          0      25831   smpc_api.o
      1354         82          0          0          0      10696   smpc_crypto.o
      2390         82        120          0          0      20418   smpc_util.o
       114          0          0          0          0       2464   sys_utils.o
      1332        284          0         20          0       7845   user_bond_manage.o

    ----------------------------------------------------------------------
     73572       4236       3140        460       2884     958088   Library Totals
       134          0          8          1          2          0   (incl. Padding)

    ----------------------------------------------------------------------

      Code (inc. data)   RO Data    RW Data    ZI Data      Debug   Library Name

     73438       4236       3132        459       2882     958088   fr8010h_stack.lib

    ----------------------------------------------------------------------
     73572       4236       3140        460       2884     958088   Library Totals

    ----------------------------------------------------------------------

==============================================================================


      Code (inc. data)   RO Data    RW Data    ZI Data      Debug   

     79108       5376       4476        628       3068    1015582   Grand Totals
     79108       5376       4476        628       3068    1015582   ELF Image Totals
     79108       5376       4476        628          0          0   ROM Totals

==============================================================================

    Total RO  Size (Code + RO Data)                83584 (  81.63kB)
    Total RW  Size (RW Data + ZI Data)              3696 (   3.61kB)
    Total ROM Size (Code + RO Data + RW Data)      84212 (  82.24kB)

==============================================================================

